Component: ARM Compiler 5.06 update 7 (build 960) Tool: armlink [4d3601]

==============================================================================

Section Cross References

    startup_stm32f103xb.o(RESET) refers to startup_stm32f103xb.o(STACK) for __initial_sp
    startup_stm32f103xb.o(RESET) refers to startup_stm32f103xb.o(.text) for Reset_Handler
    startup_stm32f103xb.o(RESET) refers to stm32f1xx_it.o(i.NMI_Handler) for NMI_Handler
    startup_stm32f103xb.o(RESET) refers to stm32f1xx_it.o(i.HardFault_Handler) for HardFault_Handler
    startup_stm32f103xb.o(RESET) refers to stm32f1xx_it.o(i.MemManage_Handler) for MemManage_Handler
    startup_stm32f103xb.o(RESET) refers to stm32f1xx_it.o(i.BusFault_Handler) for BusFault_Handler
    startup_stm32f103xb.o(RESET) refers to stm32f1xx_it.o(i.UsageFault_Handler) for UsageFault_Handler
    startup_stm32f103xb.o(RESET) refers to stm32f1xx_it.o(i.SVC_Handler) for SVC_Handler
    startup_stm32f103xb.o(RESET) refers to stm32f1xx_it.o(i.DebugMon_Handler) for DebugMon_Handler
    startup_stm32f103xb.o(RESET) refers to stm32f1xx_it.o(i.PendSV_Handler) for PendSV_Handler
    startup_stm32f103xb.o(RESET) refers to stm32f1xx_it.o(i.SysTick_Handler) for SysTick_Handler
    startup_stm32f103xb.o(RESET) refers to stm32f1xx_it.o(i.TIM1_UP_IRQHandler) for TIM1_UP_IRQHandler
    startup_stm32f103xb.o(RESET) refers to stm32f1xx_it.o(i.TIM2_IRQHandler) for TIM2_IRQHandler
    startup_stm32f103xb.o(RESET) refers to stm32f1xx_it.o(i.USART1_IRQHandler) for USART1_IRQHandler
    startup_stm32f103xb.o(.text) refers to system_stm32f1xx.o(i.SystemInit) for SystemInit
    startup_stm32f103xb.o(.text) refers to entry.o(.ARM.Collect$$$$00000000) for __main
    rc522.o(i.MFRC522_AntennaOff) refers to rc522.o(i.MFRC522_ClearBitMask) for MFRC522_ClearBitMask
    rc522.o(i.MFRC522_AntennaOn) refers to rc522.o(i.MFRC522_ReadRegister) for MFRC522_ReadRegister
    rc522.o(i.MFRC522_AntennaOn) refers to rc522.o(i.MFRC522_SetBitMask) for MFRC522_SetBitMask
    rc522.o(i.MFRC522_Anticoll) refers to rc522.o(i.MFRC522_WriteRegister) for MFRC522_WriteRegister
    rc522.o(i.MFRC522_Anticoll) refers to rc522.o(i.MFRC522_ToCard) for MFRC522_ToCard
    rc522.o(i.MFRC522_Auth) refers to rc522.o(i.MFRC522_ToCard) for MFRC522_ToCard
    rc522.o(i.MFRC522_Auth) refers to rc522.o(i.MFRC522_ReadRegister) for MFRC522_ReadRegister
    rc522.o(i.MFRC522_CalculateCRC) refers to rc522.o(i.MFRC522_ClearBitMask) for MFRC522_ClearBitMask
    rc522.o(i.MFRC522_CalculateCRC) refers to rc522.o(i.MFRC522_SetBitMask) for MFRC522_SetBitMask
    rc522.o(i.MFRC522_CalculateCRC) refers to rc522.o(i.MFRC522_WriteRegister) for MFRC522_WriteRegister
    rc522.o(i.MFRC522_CalculateCRC) refers to rc522.o(i.MFRC522_ReadRegister) for MFRC522_ReadRegister
    rc522.o(i.MFRC522_Check) refers to rc522.o(i.MFRC522_Request) for MFRC522_Request
    rc522.o(i.MFRC522_Check) refers to rc522.o(i.MFRC522_Anticoll) for MFRC522_Anticoll
    rc522.o(i.MFRC522_Check) refers to rc522.o(i.MFRC522_Halt) for MFRC522_Halt
    rc522.o(i.MFRC522_ClearBitMask) refers to rc522.o(i.MFRC522_ReadRegister) for MFRC522_ReadRegister
    rc522.o(i.MFRC522_ClearBitMask) refers to rc522.o(i.MFRC522_WriteRegister) for MFRC522_WriteRegister
    rc522.o(i.MFRC522_Halt) refers to rc522.o(i.MFRC522_CalculateCRC) for MFRC522_CalculateCRC
    rc522.o(i.MFRC522_Halt) refers to rc522.o(i.MFRC522_ToCard) for MFRC522_ToCard
    rc522.o(i.MFRC522_Init) refers to rc522.o(i.MFRC522_Reset) for MFRC522_Reset
    rc522.o(i.MFRC522_Init) refers to rc522.o(i.MFRC522_WriteRegister) for MFRC522_WriteRegister
    rc522.o(i.MFRC522_Init) refers to rc522.o(i.MFRC522_AntennaOn) for MFRC522_AntennaOn
    rc522.o(i.MFRC522_Read) refers to rc522.o(i.MFRC522_CalculateCRC) for MFRC522_CalculateCRC
    rc522.o(i.MFRC522_Read) refers to rc522.o(i.MFRC522_ToCard) for MFRC522_ToCard
    rc522.o(i.MFRC522_ReadRegister) refers to rc522.o(i.SPI1_ReadReg) for SPI1_ReadReg
    rc522.o(i.MFRC522_Request) refers to rc522.o(i.MFRC522_WriteRegister) for MFRC522_WriteRegister
    rc522.o(i.MFRC522_Request) refers to rc522.o(i.MFRC522_ToCard) for MFRC522_ToCard
    rc522.o(i.MFRC522_Reset) refers to rc522.o(i.MFRC522_WriteRegister) for MFRC522_WriteRegister
    rc522.o(i.MFRC522_SelectTag) refers to rc522.o(i.MFRC522_CalculateCRC) for MFRC522_CalculateCRC
    rc522.o(i.MFRC522_SelectTag) refers to rc522.o(i.MFRC522_ToCard) for MFRC522_ToCard
    rc522.o(i.MFRC522_SetBitMask) refers to rc522.o(i.MFRC522_ReadRegister) for MFRC522_ReadRegister
    rc522.o(i.MFRC522_SetBitMask) refers to rc522.o(i.MFRC522_WriteRegister) for MFRC522_WriteRegister
    rc522.o(i.MFRC522_ToCard) refers to rc522.o(i.MFRC522_WriteRegister) for MFRC522_WriteRegister
    rc522.o(i.MFRC522_ToCard) refers to rc522.o(i.MFRC522_ClearBitMask) for MFRC522_ClearBitMask
    rc522.o(i.MFRC522_ToCard) refers to rc522.o(i.MFRC522_SetBitMask) for MFRC522_SetBitMask
[...]
    ../clib/microlib/malloc/malloc.c         0x00000000   Number         0  malloc.o ABSOLUTE
    ../clib/microlib/malloc/malloc.c         0x00000000   Number         0  malloca.o ABSOLUTE
    ../clib/microlib/malloc/malloc.c         0x00000000   Number         0  mallocra.o ABSOLUTE
    ../clib/microlib/malloc/malloc.c         0x00000000   Number         0  mallocr.o ABSOLUTE
    ../clib/microlib/malloc/mvars.c          0x00000000   Number         0  mvars.o ABSOLUTE
    ../clib/microlib/printf/printf.c         0x00000000   Number         0  printf5.o ABSOLUTE
    ../clib/microlib/printf/printf.c         0x00000000   Number         0  printfb.o ABSOLUTE
    ../clib/microlib/printf/printf.c         0x00000000   Number         0  printf0.o ABSOLUTE
    ../clib/microlib/printf/printf.c         0x00000000   Number         0  printf1.o ABSOLUTE
    ../clib/microlib/printf/printf.c         0x00000000   Number         0  printf2.o ABSOLUTE
    ../clib/microlib/printf/printf.c         0x00000000   Number         0  printf3.o ABSOLUTE
    ../clib/microlib/printf/printf.c         0x00000000   Number         0  printf4.o ABSOLUTE
    ../clib/microlib/printf/printf.c         0x00000000   Number         0  printf6.o ABSOLUTE
    ../clib/microlib/printf/printf.c         0x00000000   Number         0  printf7.o ABSOLUTE
    ../clib/microlib/printf/printf.c         0x00000000   Number         0  printf8.o ABSOLUTE
    ../clib/microlib/printf/printf.c         0x00000000   Number         0  printfa.o ABSOLUTE
    ../clib/microlib/printf/stubs.s          0x00000000   Number         0  stubs.o ABSOLUTE
    ../clib/microlib/stdio/streams.c         0x00000000   Number         0  stdout.o ABSOLUTE
    ../clib/microlib/string/memcpy.c         0x00000000   Number         0  memcpya.o ABSOLUTE
    ../clib/microlib/string/memcpy.c         0x00000000   Number         0  memcpyb.o ABSOLUTE
    ../clib/microlib/string/memset.c         0x00000000   Number         0  memseta.o ABSOLUTE
    ../clib/microlib/string/strcat.c         0x00000000   Number         0  strcat.o ABSOLUTE
    ../clib/microlib/string/strcmp.c         0x00000000   Number         0  strcmp.o ABSOLUTE
    ../clib/microlib/string/strcpy.c         0x00000000   Number         0  strcpy.o ABSOLUTE
    ../clib/microlib/string/strlen.c         0x00000000   Number         0  strlen.o ABSOLUTE
    ../clib/microlib/string/strncmp.c        0x00000000   Number         0  strncmp.o ABSOLUTE
    ../clib/microlib/string/strstr.c         0x00000000   Number         0  strstr.o ABSOLUTE
    ../clib/microlib/stubs.s                 0x00000000   Number         0  iusefp.o ABSOLUTE
    ../clib/scanf.c                          0x00000000   Number         0  _sgetc.o ABSOLUTE
    ../clib/scanf.c                          0x00000000   Number         0  strtod.o ABSOLUTE
    ../clib/scanf.c                          0x00000000   Number         0  __0sscanf.o ABSOLUTE
    ../clib/scanf.c                          0x00000000   Number         0  _scanf.o ABSOLUTE
    ../clib/scanf.c                          0x00000000   Number         0  scanf_fp.o ABSOLUTE
    ../clib/scanf.c                          0x00000000   Number         0  scanf_char.o ABSOLUTE
    ../fplib/microlib/d2f.c                  0x00000000   Number         0  d2f.o ABSOLUTE
    ../fplib/microlib/f2d.c                  0x00000000   Number         0  f2d.o ABSOLUTE
    ../fplib/microlib/fpadd.c                0x00000000   Number         0  dadd.o ABSOLUTE
    ../fplib/microlib/fpdiv.c                0x00000000   Number         0  ddiv.o ABSOLUTE
    ../fplib/microlib/fpepilogue.c           0x00000000   Number         0  fepilogue.o ABSOLUTE
    ../fplib/microlib/fpepilogue.c           0x00000000   Number         0  depilogue.o ABSOLUTE
    ../fplib/microlib/fpfix.c                0x00000000   Number         0  dfixi.o ABSOLUTE
    ../fplib/microlib/fpfix.c                0x00000000   Number         0  ffixui.o ABSOLUTE
    ../fplib/microlib/fpfix.c                0x00000000   Number         0  dfixul.o ABSOLUTE
    ../fplib/microlib/fpflt.c                0x00000000   Number         0  ffltui.o ABSOLUTE
    ../fplib/microlib/fpflt.c                0x00000000   Number         0  dflti.o ABSOLUTE
    ../fplib/microlib/fpflt.c                0x00000000   Number         0  dfltul.o ABSOLUTE
    ../fplib/microlib/fpmul.c                0x00000000   Number         0  dmul.o ABSOLUTE
    ../fplib/microlib/fpscalb.c              0x00000000   Number         0  dscalb.o ABSOLUTE
    ../mathlib/strtod.c                      0x00000000   Number         0  strtod.o ABSOLUTE
    ..\..\timer_tnv\cJSON\cJSON.c            0x00000000   Number         0  cjson.o ABSOLUTE
    ..\Drivers\STM32F1xx_HAL_Driver\Src\stm32f1xx_hal.c 0x00000000   Number         0  stm32f1xx_hal.o ABSOLUTE
    ..\Drivers\STM32F1xx_HAL_Driver\Src\stm32f1xx_hal_cortex.c 0x00000000   Number         0  stm32f1xx_hal_cortex.o ABSOLUTE
    ..\Drivers\STM32F1xx_HAL_Driver\Src\stm32f1xx_hal_dma.c 0x00000000   Number         0  stm32f1xx_hal_dma.o ABSOLUTE
    ..\Drivers\STM32F1xx_HAL_Driver\Src\stm32f1xx_hal_flash.c 0x00000000   Number         0  stm32f1xx_hal_flash.o ABSOLUTE
    ..\Drivers\STM32F1xx_HAL_Driver\Src\stm32f1xx_hal_flash_ex.c 0x00000000   Number         0  stm32f1xx_hal_flash_ex.o ABSOLUTE
    ..\Drivers\STM32F1xx_HAL_Driver\Src\stm32f1xx_hal_gpio.c 0x00000000   Number         0  stm32f1xx_hal_gpio.o ABSOLUTE
    ..\Drivers\STM32F1xx_HAL_Driver\Src\stm32f1xx_hal_gpio_ex.c 0x00000000   Number         0  stm32f1xx_hal_gpio_ex.o ABSOLUTE
    ..\Drivers\STM32F1xx_HAL_Driver\Src\stm32f1xx_hal_pwr.c 0x00000000   Number         0  stm32f1xx_hal_pwr.o ABSOLUTE
    ..\Drivers\STM32F1xx_HAL_Driver\Src\stm32f1xx_hal_rcc.c 0x00000000   Number         0  stm32f1xx_hal_rcc.o ABSOLUTE
    ..\Drivers\STM32F1xx_HAL_Driver\Src\stm32f1xx_hal_rcc_ex.c 0x00000000   Number         0  stm32f1xx_hal_rcc_ex.o ABSOLUTE
    ..\Drivers\STM32F1xx_HAL_Driver\Src\stm32f1xx_hal_spi.c 0x00000000   Number         0  stm32f1xx_hal_spi.o ABSOLUTE
    ..\Drivers\STM32F1xx_HAL_Driver\Src\stm32f1xx_hal_spi_ex.c 0x00000000   Number         0  stm32f1xx_hal_spi_ex.o ABSOLUTE
    ..\Drivers\STM32F1xx_HAL_Driver\Src\stm32f1xx_hal_tim.c 0x00000000   Number         0  stm32f1xx_hal_tim.o ABSOLUTE
    ..\Drivers\STM32F1xx_HAL_Driver\Src\stm32f1xx_hal_tim_ex.c 0x00000000   Number         0  stm32f1xx_hal_tim_ex.o ABSOLUTE
    ..\Drivers\STM32F1xx_HAL_Driver\Src\stm32f1xx_hal_uart.c 0x00000000   Number         0  stm32f1xx_hal_uart.o ABSOLUTE
    ..\LIBDHT11\DHT.c                        0x00000000   Number         0  dht.o ABSOLUTE
    ..\RFID\rc522.c                          0x00000000   Number         0  rc522.o ABSOLUTE
    ..\Src\main.c                            0x00000000   Number         0  main.o ABSOLUTE
    ..\Src\stm32f1xx_hal_msp.c               0x00000000   Number         0  stm32f1xx_hal_msp.o ABSOLUTE
    ..\Src\stm32f1xx_it.c                    0x00000000   Number         0  stm32f1xx_it.o ABSOLUTE
    ..\Src\system_stm32f1xx.c                0x00000000   Number         0  system_stm32f1xx.o ABSOLUTE
    ..\\LIBDHT11\\DHT.c                      0x00000000   Number         0  dht.o ABSOLUTE
    ..\\RFID\\rc522.c                        0x00000000   Number         0  rc522.o ABSOLUTE
    cdcmple.s                                0x00000000   Number         0  cdcmple.o ABSOLUTE
    cdrcmple.s                               0x00000000   Number         0  cdrcmple.o ABSOLUTE
    dc.s                                     0x00000000   Number         0  dc.o ABSOLUTE
    handlers.s                               0x00000000   Number         0  handlers.o ABSOLUTE
    init.s                                   0x00000000   Number         0  init.o ABSOLUTE
    startup_stm32f103xb.s                    0x00000000   Number         0  startup_stm32f103xb.o ABSOLUTE
    RESET                                    0x08000000   Section      236  startup_stm32f103xb.o(RESET)
    .ARM.Collect$$$$00000000                 0x080000ec   Section        0  entry.o(.ARM.Collect$$$$00000000)
    .ARM.Collect$$$$00000001                 0x080000ec   Section        4  entry2.o(.ARM.Collect$$$$00000001)
    .ARM.Collect$$$$00000004                 0x080000f0   Section        4  entry5.o(.ARM.Collect$$$$00000004)
    .ARM.Collect$$$$00000008                 0x080000f4   Section        0  entry7b.o(.ARM.Collect$$$$00000008)
    .ARM.Collect$$$$0000000A                 0x080000f4   Section        0  entry8b.o(.ARM.Collect$$$$0000000A)
    .ARM.Collect$$$$0000000B                 0x080000f4   Section        8  entry9a.o(.ARM.Collect$$$$0000000B)
    .ARM.Collect$$$$0000000E                 0x080000fc   Section        4  entry12b.o(.ARM.Collect$$$$0000000E)
    .ARM.Collect$$$$0000000F                 0x08000100   Section        0  entry10a.o(.ARM.Collect$$$$0000000F)
    .ARM.Collect$$$$00000011                 0x08000100   Section        0  entry11a.o(.ARM.Collect$$$$00000011)
    .ARM.Collect$$$$00002712                 0x08000100   Section        4  entry2.o(.ARM.Collect$$$$00002712)
    __lit__00000000                          0x08000100   Data           4  entry2.o(.ARM.Collect$$$$00002712)
    .text                                    0x08000104   Section       36  startup_stm32f103xb.o(.text)
    .text                                    0x08000128   Section        0  llushr.o(.text)
    .text                                    0x08000148   Section        0  tolower.o(.text)
    .text                                    0x08000154   Section        0  memcpya.o(.text)
    .text                                    0x08000178   Section        0  memseta.o(.text)
    .text                                    0x0800019c   Section        0  strcat.o(.text)
    .text                                    0x080001b4   Section        0  strstr.o(.text)
    .text                                    0x080001d8   Section        0  strlen.o(.text)
    .text                                    0x080001e6   Section        0  strcmp.o(.text)
    .text                                    0x08000202   Section        0  strncmp.o(.text)
    .text                                    0x08000220   Section        0  scanf_fp.o(.text)
    _fp_value                                0x08000221   Thumb Code   296  scanf_fp.o(.text)
    .text                                    0x08000580   Section        0  dadd.o(.text)
    .text                                    0x080006ce   Section        0  ffltui.o(.text)
    .text                                    0x080006d8   Section        0  ffixui.o(.text)
    .text                                    0x08000700   Section        0  dfixi.o(.text)
    .text                                    0x08000740   Section       48  cdcmple.o(.text)
    .text                                    0x08000770   Section       48  cdrcmple.o(.text)
    .text                                    0x080007a0   Section        0  uidiv.o(.text)
    .text                                    0x080007cc   Section        0  uldiv.o(.text)
    .text                                    0x0800082e   Section        0  llshl.o(.text)
    .text                                    0x0800084c   Section        0  llsshr.o(.text)
    .text                                    0x08000870   Section        0  _sgetc.o(.text)
    .text                                    0x080008b0   Section        0  strtod.o(.text)
    _local_sscanf                            0x080008b1   Thumb Code    54  strtod.o(.text)
    .text                                    0x0800094c   Section        0  iusefp.o(.text)
    .text                                    0x0800094c   Section        0  fepilogue.o(.text)
    .text                                    0x080009ba   Section        0  depilogue.o(.text)
    .text                                    0x08000a74   Section        0  dmul.o(.text)
    .text                                    0x08000b58   Section        0  ddiv.o(.text)
    .text                                    0x08000c36   Section        0  dfltul.o(.text)
    .text                                    0x08000c4e   Section        0  dfixul.o(.text)
    .text                                    0x08000c7e   Section        0  d2f.o(.text)
    .text                                    0x08000cb8   Section       36  init.o(.text)
    .text                                    0x08000cdc   Section        0  isspace_c.o(.text)
    .text                                    0x08000ce8   Section        0  ctype_c.o(.text)
    i.BusFault_Handler                       0x08000d10   Section        0  stm32f1xx_it.o(i.BusFault_Handler)
    i.DHT_Check_Response                     0x08000d14   Section        0  dht.o(i.DHT_Check_Response)
    i.DHT_GetData                            0x08000d54   Section        0  dht.o(i.DHT_GetData)
    i.DHT_Read                               0x08000dac   Section        0  dht.o(i.DHT_Read)
    i.DHT_Start                              0x08000e08   Section        0  dht.o(i.DHT_Start)
    i.DWT_Delay_Init                         0x08000e4c   Section        0  dht.o(i.DWT_Delay_Init)
    i.DebugMon_Handler                       0x08000e90   Section        0  stm32f1xx_it.o(i.DebugMon_Handler)
    i.HAL_DMA_Abort_IT                       0x08000e94   Section        0  stm32f1xx_hal_dma.o(i.HAL_DMA_Abort_IT)
    i.HAL_GPIO_Init                          0x08000f2c   Section        0  stm32f1xx_hal_gpio.o(i.HAL_GPIO_Init)
    i.HAL_GPIO_ReadPin                       0x080010e8   Section        0  stm32f1xx_hal_gpio.o(i.HAL_GPIO_ReadPin)
    i.HAL_GPIO_TogglePin                     0x080010f2   Section        0  stm32f1xx_hal_gpio.o(i.HAL_GPIO_TogglePin)
    i.HAL_GPIO_WritePin                      0x080010fa   Section        0  stm32f1xx_hal_gpio.o(i.HAL_GPIO_WritePin)
    i.HAL_GetTick                            0x08001104   Section        0  stm32f1xx_hal.o(i.HAL_GetTick)
    i.HAL_IncTick                            0x08001110   Section        0  stm32f1xx_hal.o(i.HAL_IncTick)
    i.HAL_Init                               0x08001120   Section        0  stm32f1xx_hal.o(i.HAL_Init)
    i.HAL_InitTick                           0x08001144   Section        0  stm32f1xx_hal.o(i.HAL_InitTick)
    i.HAL_MspInit                            0x08001184   Section        0  stm32f1xx_hal_msp.o(i.HAL_MspInit)
    i.HAL_NVIC_EnableIRQ                     0x080011c0   Section        0  stm32f1xx_hal_cortex.o(i.HAL_NVIC_EnableIRQ)
    i.HAL_NVIC_SetPriority                   0x080011d8   Section        0  stm32f1xx_hal_cortex.o(i.HAL_NVIC_SetPriority)
    i.HAL_NVIC_SetPriorityGrouping           0x08001218   Section        0  stm32f1xx_hal_cortex.o(i.HAL_NVIC_SetPriorityGrouping)
    i.HAL_RCC_ClockConfig                    0x0800123c   Section        0  stm32f1xx_hal_rcc.o(i.HAL_RCC_ClockConfig)
    i.HAL_RCC_GetHCLKFreq                    0x080013a8   Section        0  stm32f1xx_hal_rcc.o(i.HAL_RCC_GetHCLKFreq)
    i.HAL_RCC_GetPCLK1Freq                   0x080013b4   Section        0  stm32f1xx_hal_rcc.o(i.HAL_RCC_GetPCLK1Freq)
    i.HAL_RCC_GetPCLK2Freq                   0x080013d4   Section        0  stm32f1xx_hal_rcc.o(i.HAL_RCC_GetPCLK2Freq)
    i.HAL_RCC_GetSysClockFreq                0x080013f4   Section        0  stm32f1xx_hal_rcc.o(i.HAL_RCC_GetSysClockFreq)
    i.HAL_RCC_OscConfig                      0x08001460   Section        0  stm32f1xx_hal_rcc.o(i.HAL_RCC_OscConfig)
    i.HAL_SPI_Init                           0x08001764   Section        0  stm32f1xx_hal_spi_ex.o(i.HAL_SPI_Init)
    i.HAL_SPI_MspInit                        0x080017e8   Section        0  stm32f1xx_hal_msp.o(i.HAL_SPI_MspInit)
    i.HAL_SPI_TransmitReceive                0x08001858   Section        0  stm32f1xx_hal_spi.o(i.HAL_SPI_TransmitReceive)
    i.HAL_SYSTICK_Config                     0x08001a30   Section        0  stm32f1xx_hal_cortex.o(i.HAL_SYSTICK_Config)
    i.HAL_TIMEx_BreakCallback                0x08001a58   Section        0  stm32f1xx_hal_tim_ex.o(i.HAL_TIMEx_BreakCallback)
    i.HAL_TIMEx_CommutationCallback          0x08001a5a   Section        0  stm32f1xx_hal_tim_ex.o(i.HAL_TIMEx_CommutationCallback)
    i.HAL_TIMEx_MasterConfigSynchronization  0x08001a5c   Section        0  stm32f1xx_hal_tim_ex.o(i.HAL_TIMEx_MasterConfigSynchronization)
    i.HAL_TIM_Base_Init                      0x08001aac   Section        0  stm32f1xx_hal_tim.o(i.HAL_TIM_Base_Init)
    i.HAL_TIM_Base_MspInit                   0x08001ae4   Section        0  stm32f1xx_hal_msp.o(i.HAL_TIM_Base_MspInit)
    i.HAL_TIM_Base_Start_IT                  0x08001b44   Section        0  stm32f1xx_hal_tim.o(i.HAL_TIM_Base_Start_IT)
    i.HAL_TIM_ConfigClockSource              0x08001b5c   Section        0  stm32f1xx_hal_tim.o(i.HAL_TIM_ConfigClockSource)
    i.HAL_TIM_IC_CaptureCallback             0x08001c4e   Section        0  stm32f1xx_hal_tim.o(i.HAL_TIM_IC_CaptureCallback)
    i.HAL_TIM_IRQHandler                     0x08001c50   Section        0  stm32f1xx_hal_tim.o(i.HAL_TIM_IRQHandler)
    i.HAL_TIM_OC_DelayElapsedCallback        0x08001db6   Section        0  stm32f1xx_hal_tim.o(i.HAL_TIM_OC_DelayElapsedCallback)
    i.HAL_TIM_PWM_PulseFinishedCallback      0x08001db8   Section        0  stm32f1xx_hal_tim.o(i.HAL_TIM_PWM_PulseFinishedCallback)
    i.HAL_TIM_PeriodElapsedCallback          0x08001dbc   Section        0  main.o(i.HAL_TIM_PeriodElapsedCallback)
    i.HAL_TIM_TriggerCallback                0x08001e1c   Section        0  stm32f1xx_hal_tim.o(i.HAL_TIM_TriggerCallback)
    i.HAL_UART_ErrorCallback                 0x08001e1e   Section        0  stm32f1xx_hal_uart.o(i.HAL_UART_ErrorCallback)
    i.HAL_UART_IRQHandler                    0x08001e20   Section        0  stm32f1xx_hal_uart.o(i.HAL_UART_IRQHandler)
    i.HAL_UART_Init                          0x08001f30   Section        0  stm32f1xx_hal_uart.o(i.HAL_UART_Init)
    i.HAL_UART_MspInit                       0x08001f94   Section        0  stm32f1xx_hal_msp.o(i.HAL_UART_MspInit)
    i.HAL_UART_Receive_IT                    0x08002014   Section        0  stm32f1xx_hal_uart.o(i.HAL_UART_Receive_IT)
    i.HAL_UART_RxCpltCallback                0x08002068   Section        0  main.o(i.HAL_UART_RxCpltCallback)
    i.HAL_UART_Transmit                      0x0800209c   Section        0  stm32f1xx_hal_uart.o(i.HAL_UART_Transmit)
    i.HAL_UART_TxCpltCallback                0x08002156   Section        0  stm32f1xx_hal_uart.o(i.HAL_UART_TxCpltCallback)
    i.HardFault_Handler                      0x08002158   Section        0  stm32f1xx_it.o(i.HardFault_Handler)
    i.MFRC522_AntennaOn                      0x0800215a   Section        0  rc522.o(i.MFRC522_AntennaOn)
    i.MFRC522_Anticoll                       0x08002174   Section        0  rc522.o(i.MFRC522_Anticoll)
    i.MFRC522_CalculateCRC                   0x080021b6   Section        0  rc522.o(i.MFRC522_CalculateCRC)
    i.MFRC522_Check                          0x08002214   Section        0  rc522.o(i.MFRC522_Check)
    i.MFRC522_ClearBitMask                   0x08002234   Section        0  rc522.o(i.MFRC522_ClearBitMask)
    i.MFRC522_Compare                        0x0800224c   Section        0  rc522.o(i.MFRC522_Compare)
    i.MFRC522_Halt                           0x08002268   Section        0  rc522.o(i.MFRC522_Halt)
    i.MFRC522_Init                           0x08002294   Section        0  rc522.o(i.MFRC522_Init)
    i.MFRC522_ReadRegister                   0x080022da   Section        0  rc522.o(i.MFRC522_ReadRegister)
    i.MFRC522_Request                        0x080022e8   Section        0  rc522.o(i.MFRC522_Request)
    i.MFRC522_Reset                          0x08002316   Section        0  rc522.o(i.MFRC522_Reset)
    i.MFRC522_SetBitMask                     0x0800231e   Section        0  rc522.o(i.MFRC522_SetBitMask)
    i.MFRC522_ToCard                         0x08002336   Section        0  rc522.o(i.MFRC522_ToCard)
    i.MFRC522_WriteRegister                  0x0800244a   Section        0  rc522.o(i.MFRC522_WriteRegister)
    i.MX_GPIO_Init                           0x08002454   Section        0  main.o(i.MX_GPIO_Init)
    MX_GPIO_Init                             0x08002455   Thumb Code   234  main.o(i.MX_GPIO_Init)
    i.MX_SPI1_Init                           0x08002550   Section        0  main.o(i.MX_SPI1_Init)
    MX_SPI1_Init                             0x08002551   Thumb Code    46  main.o(i.MX_SPI1_Init)
    i.MX_TIM1_Init                           0x08002588   Section        0  main.o(i.MX_TIM1_Init)
    MX_TIM1_Init                             0x08002589   Thumb Code    78  main.o(i.MX_TIM1_Init)
    i.MX_TIM2_Init                           0x080025e0   Section        0  main.o(i.MX_TIM2_Init)
    MX_TIM2_Init                             0x080025e1   Thumb Code    80  main.o(i.MX_TIM2_Init)
    i.MemManage_Handler                      0x08002634   Section        0  stm32f1xx_it.o(i.MemManage_Handler)
    i.NMI_Handler                            0x08002636   Section        0  stm32f1xx_it.o(i.NMI_Handler)
    i.NVIC_SetPriority                       0x08002638   Section        0  stm32f1xx_hal_cortex.o(i.NVIC_SetPriority)
    NVIC_SetPriority                         0x08002639   Thumb Code    32  stm32f1xx_hal_cortex.o(i.NVIC_SetPriority)
    i.PendSV_Handler                         0x08002658   Section        0  stm32f1xx_it.o(i.PendSV_Handler)
    i.Read_dht11                             0x0800265c   Section        0  main.o(i.Read_dht11)
    i.Received                               0x08002680   Section        0  main.o(i.Received)
    i.SPI1SendByte                           0x080026b4   Section        0  rc522.o(i.SPI1SendByte)
    i.SPI1_ReadReg                           0x080026d4   Section        0  rc522.o(i.SPI1_ReadReg)
    i.SPI1_WriteReg                          0x08002704   Section        0  rc522.o(i.SPI1_WriteReg)
    i.SPI_CheckFlag_BSY                      0x08002734   Section        0  stm32f1xx_hal_spi.o(i.SPI_CheckFlag_BSY)
    SPI_CheckFlag_BSY                        0x08002735   Thumb Code    32  stm32f1xx_hal_spi.o(i.SPI_CheckFlag_BSY)
    i.SPI_WaitFlagStateUntilTimeout          0x08002754   Section        0  stm32f1xx_hal_spi.o(i.SPI_WaitFlagStateUntilTimeout)
    SPI_WaitFlagStateUntilTimeout            0x08002755   Thumb Code   150  stm32f1xx_hal_spi.o(i.SPI_WaitFlagStateUntilTimeout)
    i.SVC_Handler                            0x080027ea   Section        0  stm32f1xx_it.o(i.SVC_Handler)
    i.Set_Pin_Input                          0x080027ec   Section        0  dht.o(i.Set_Pin_Input)
    i.Set_Pin_Output                         0x08002800   Section        0  dht.o(i.Set_Pin_Output)
    i.SysTick_Handler                        0x08002818   Section        0  stm32f1xx_it.o(i.SysTick_Handler)
    i.SystemClock_Config                     0x0800281c   Section        0  main.o(i.SystemClock_Config)
    i.SystemInit                             0x0800286c   Section        0  system_stm32f1xx.o(i.SystemInit)
    i.TIM1_UP_IRQHandler                     0x080028b4   Section        0  stm32f1xx_it.o(i.TIM1_UP_IRQHandler)
    i.TIM2_IRQHandler                        0x080028c0   Section        0  stm32f1xx_it.o(i.TIM2_IRQHandler)
    i.TIM_Base_SetConfig                     0x080028cc   Section        0  stm32f1xx_hal_tim.o(i.TIM_Base_SetConfig)
    i.TIM_ETR_SetConfig                      0x08002938   Section        0  stm32f1xx_hal_tim.o(i.TIM_ETR_SetConfig)
    TIM_ETR_SetConfig                        0x08002939   Thumb Code    20  stm32f1xx_hal_tim.o(i.TIM_ETR_SetConfig)
    i.TIM_ITRx_SetConfig                     0x0800294c   Section        0  stm32f1xx_hal_tim.o(i.TIM_ITRx_SetConfig)
    TIM_ITRx_SetConfig                       0x0800294d   Thumb Code    16  stm32f1xx_hal_tim.o(i.TIM_ITRx_SetConfig)
    i.TIM_TI1_ConfigInputStage               0x0800295c   Section        0  stm32f1xx_hal_tim.o(i.TIM_TI1_ConfigInputStage)
    TIM_TI1_ConfigInputStage                 0x0800295d   Thumb Code    34  stm32f1xx_hal_tim.o(i.TIM_TI1_ConfigInputStage)
    i.TIM_TI2_ConfigInputStage               0x0800297e   Section        0  stm32f1xx_hal_tim.o(i.TIM_TI2_ConfigInputStage)
    TIM_TI2_ConfigInputStage                 0x0800297f   Thumb Code    36  stm32f1xx_hal_tim.o(i.TIM_TI2_ConfigInputStage)
    i.UART_DMAAbortOnError                   0x080029a2   Section        0  stm32f1xx_hal_uart.o(i.UART_DMAAbortOnError)
    UART_DMAAbortOnError                     0x080029a3   Thumb Code    16  stm32f1xx_hal_uart.o(i.UART_DMAAbortOnError)
    i.UART_EndRxTransfer                     0x080029b2   Section        0  stm32f1xx_hal_uart.o(i.UART_EndRxTransfer)
    UART_EndRxTransfer                       0x080029b3   Thumb Code    28  stm32f1xx_hal_uart.o(i.UART_EndRxTransfer)
    i.UART_Receive_IT                        0x080029ce   Section        0  stm32f1xx_hal_uart.o(i.UART_Receive_IT)
    UART_Receive_IT                          0x080029cf   Thumb Code   150  stm32f1xx_hal_uart.o(i.UART_Receive_IT)
    i.UART_SetConfig                         0x08002a64   Section        0  stm32f1xx_hal_uart.o(i.UART_SetConfig)
    UART_SetConfig                           0x08002a65   Thumb Code   364  stm32f1xx_hal_uart.o(i.UART_SetConfig)
    i.UART_Transmit_IT                       0x08002bd4   Section        0  stm32f1xx_hal_uart.o(i.UART_Transmit_IT)
    UART_Transmit_IT                         0x08002bd5   Thumb Code    98  stm32f1xx_hal_uart.o(i.UART_Transmit_IT)
    i.UART_WaitOnFlagUntilTimeout            0x08002c36   Section        0  stm32f1xx_hal_uart.o(i.UART_WaitOnFlagUntilTimeout)
    UART_WaitOnFlagUntilTimeout              0x08002c37   Thumb Code   100  stm32f1xx_hal_uart.o(i.UART_WaitOnFlagUntilTimeout)
    i.USART1_IRQHandler                      0x08002c9c   Section        0  stm32f1xx_it.o(i.USART1_IRQHandler)
    i.UsageFault_Handler                     0x08002ca8   Section        0  stm32f1xx_it.o(i.UsageFault_Handler)
    i.XulyJson                               0x08002cac   Section        0  main.o(i.XulyJson)
    i.__0printf                              0x08002e20   Section        0  printfa.o(i.__0printf)
    i.__0sprintf                             0x08002e40   Section        0  printfa.o(i.__0sprintf)
    i.__free$realloc                         0x08002e68   Section        0  mallocr.o(i.__free$realloc)
    i.__malloc$realloc                       0x08002ec4   Section        0  mallocr.o(i.__malloc$realloc)
    i.__scatterload_copy                     0x08002f14   Section       14  handlers.o(i.__scatterload_copy)
    i.__scatterload_null                     0x08002f22   Section        2  handlers.o(i.__scatterload_null)
    i.__scatterload_zeroinit                 0x08002f24   Section       14  handlers.o(i.__scatterload_zeroinit)
    i._fp_digits                             0x08002f34   Section        0  printfa.o(i._fp_digits)
    _fp_digits                               0x08002f35   Thumb Code   366  printfa.o(i._fp_digits)
    i._is_digit                              0x080030b8   Section        0  scanf_fp.o(i._is_digit)
    i._printf_core                           0x080030c8   Section        0  printfa.o(i._printf_core)
    _printf_core                             0x080030c9   Thumb Code  1704  printfa.o(i._printf_core)
    i._printf_post_padding                   0x0800377c   Section        0  printfa.o(i._printf_post_padding)
    _printf_post_padding                     0x0800377d   Thumb Code    36  printfa.o(i._printf_post_padding)
    i._printf_pre_padding                    0x080037a0   Section        0  printfa.o(i._printf_pre_padding)
    _printf_pre_padding                      0x080037a1   Thumb Code    46  printfa.o(i._printf_pre_padding)
    i._sputc                                 0x080037ce   Section        0  printfa.o(i._sputc)
    _sputc                                   0x080037cf   Thumb Code    10  printfa.o(i._sputc)
    i.buffer_skip_whitespace                 0x080037d8   Section        0  cjson.o(i.buffer_skip_whitespace)
    buffer_skip_whitespace                   0x080037d9   Thumb Code    48  cjson.o(i.buffer_skip_whitespace)
    i.cJSON_Delete                           0x08003808   Section        0  cjson.o(i.cJSON_Delete)
    i.cJSON_GetObjectItem                    0x08003850   Section        0  cjson.o(i.cJSON_GetObjectItem)
    i.cJSON_New_Item                         0x08003856   Section        0  cjson.o(i.cJSON_New_Item)
    cJSON_New_Item                           0x08003857   Thumb Code    22  cjson.o(i.cJSON_New_Item)
    i.cJSON_Parse                            0x0800386c   Section        0  cjson.o(i.cJSON_Parse)
    i.cJSON_ParseWithLengthOpts              0x08003874   Section        0  cjson.o(i.cJSON_ParseWithLengthOpts)
    i.cJSON_ParseWithOpts                    0x08003950   Section        0  cjson.o(i.cJSON_ParseWithOpts)
    i.delay                                  0x08003974   Section        0  dht.o(i.delay)
    i.fputc                                  0x080039a0   Section        0  main.o(i.fputc)
    i.get_object_item                        0x080039b8   Section        0  cjson.o(i.get_object_item)
    get_object_item                          0x080039b9   Thumb Code   122  cjson.o(i.get_object_item)
    i.internal_alloc                         0x08003a34   Section        0  mallocr.o(i.internal_alloc)
    internal_alloc                           0x08003a35   Thumb Code    76  mallocr.o(i.internal_alloc)
    i.main                                   0x08003a84   Section        0  main.o(i.main)
    i.parse_array                            0x08003bc8   Section        0  cjson.o(i.parse_array)
    parse_array                              0x08003bc9   Thumb Code   208  cjson.o(i.parse_array)
    i.parse_hex4                             0x08003c98   Section        0  cjson.o(i.parse_hex4)
    parse_hex4                               0x08003c99   Thumb Code    64  cjson.o(i.parse_hex4)
    i.parse_number                           0x08003cd8   Section        0  cjson.o(i.parse_number)
    parse_number                             0x08003cd9   Thumb Code   228  cjson.o(i.parse_number)
    i.parse_object                           0x08003dc8   Section        0  cjson.o(i.parse_object)
    parse_object                             0x08003dc9   Thumb Code   266  cjson.o(i.parse_object)
    i.parse_string                           0x08003ed2   Section        0  cjson.o(i.parse_string)
    parse_string                             0x08003ed3   Thumb Code   268  cjson.o(i.parse_string)
    i.parse_value                            0x08003fe0   Section        0  cjson.o(i.parse_value)
    parse_value                              0x08003fe1   Thumb Code   226  cjson.o(i.parse_value)
    i.realloc                                0x080040dc   Section        0  mallocr.o(i.realloc)
    i.send_data_uart                         0x08004148   Section        0  main.o(i.send_data_uart)
    i.strtod                                 0x08004304   Section        0  strtod.o(i.strtod)
    i.utf16_literal_to_utf8                  0x08004320   Section        0  cjson.o(i.utf16_literal_to_utf8)
    utf16_literal_to_utf8                    0x08004321   Thumb Code   210  cjson.o(i.utf16_literal_to_utf8)
    .constdata                               0x080043f2   Section       16  system_stm32f1xx.o(.constdata)
    .constdata                               0x08004402   Section        8  system_stm32f1xx.o(.constdata)
    .constdata                               0x0800440a   Section       64  ctype_c.o(.constdata)
    .data                                    0x20000000   Section       40  main.o(.data)
    .data                                    0x20000028   Section       12  stm32f1xx_hal.o(.data)
    .data                                    0x20000034   Section        4  system_stm32f1xx.o(.data)
    .data                                    0x20000038   Section       20  cjson.o(.data)
    global_error                             0x20000038   Data           8  cjson.o(.data)
    global_hooks                             0x20000040   Data          12  cjson.o(.data)
    .data                                    0x2000004c   Section        8  dht.o(.data)
    .data                                    0x20000054   Section        4  stdout.o(.data)
    .data                                    0x20000058   Section        4  mvars.o(.data)
    .data                                    0x2000005c   Section        4  mvars.o(.data)
    .bss                                     0x20000060   Section      380  main.o(.bss)
    HEAP                                     0x200001e0   Section      512  startup_stm32f103xb.o(HEAP)
    STACK                                    0x200003e0   Section     1024  startup_stm32f103xb.o(STACK)

    Global Symbols

    Symbol Name                              Value     Ov Type        Size  Object(Section)

    BuildAttributes$$THM_ISAv4$P$D$K$B$S$PE$A:L22UL41UL21$X:L11$S22US41US21$IEEE1$IW$USESV6$~STKCKD$USESV7$~SHL$OTIME$ROPI$IEEEJ$EBA8$MICROLIB$REQ8$PRES8$EABIv2 0x00000000   Number         0  anon$$obj.o ABSOLUTE
    __ARM_use_no_argv                        0x00000000   Number         0  main.o ABSOLUTE
    _printf_a                                0x00000000   Number         0  stubs.o ABSOLUTE
    _printf_c                                0x00000000   Number         0  stubs.o ABSOLUTE
    _printf_charcount                        0x00000000   Number         0  stubs.o ABSOLUTE
    _printf_d                                0x00000000   Number         0  stubs.o ABSOLUTE
    _printf_e                                0x00000000   Number         0  stubs.o ABSOLUTE
    _printf_f                                0x00000000   Number         0  stubs.o ABSOLUTE
    _printf_flags                            0x00000000   Number         0  stubs.o ABSOLUTE
    _printf_fp_dec                           0x00000000   Number         0  stubs.o ABSOLUTE
    _printf_fp_hex                           0x00000000   Number         0  stubs.o ABSOLUTE
    _printf_g                                0x00000000   Number         0  stubs.o ABSOLUTE
    _printf_i                                0x00000000   Number         0  stubs.o ABSOLUTE
    _printf_int_dec                          0x00000000   Number         0  stubs.o ABSOLUTE
    _printf_l                                0x00000000   Number         0  stubs.o ABSOLUTE
    _printf_lc                               0x00000000   Number         0  stubs.o ABSOLUTE
    _printf_ll                               0x00000000   Number         0  stubs.o ABSOLUTE
    _printf_lld                              0x00000000   Number         0  stubs.o ABSOLUTE
    _printf_lli                              0x00000000   Number         0  stubs.o ABSOLUTE
    _printf_llo                              0x00000000   Number         0  stubs.o ABSOLUTE
    _printf_llu                              0x00000000   Number         0  stubs.o ABSOLUTE
    _printf_llx                              0x00000000   Number         0  stubs.o ABSOLUTE
    _printf_longlong_dec                     0x00000000   Number         0  stubs.o ABSOLUTE
    _printf_longlong_hex                     0x00000000   Number         0  stubs.o ABSOLUTE
    _printf_longlong_oct                     0x00000000   Number         0  stubs.o ABSOLUTE
    _printf_ls                               0x00000000   Number         0  stubs.o ABSOLUTE
    _printf_mbtowc                           0x00000000   Number         0  stubs.o ABSOLUTE
    _printf_n                                0x00000000   Number         0  stubs.o ABSOLUTE
    _printf_o                                0x00000000   Number         0  stubs.o ABSOLUTE
    _printf_p                                0x00000000   Number         0  stubs.o ABSOLUTE
    _printf_percent                          0x00000000   Number         0  stubs.o ABSOLUTE
    _printf_pre_padding                      0x00000000   Number         0  stubs.o ABSOLUTE
    _printf_return_value                     0x00000000   Number         0  stubs.o ABSOLUTE
    _printf_s                                0x00000000   Number         0  stubs.o ABSOLUTE
    _printf_sizespec                         0x00000000   Number         0  stubs.o ABSOLUTE
    _printf_str                              0x00000000   Number         0  stubs.o ABSOLUTE
    _printf_truncate_signed                  0x00000000   Number         0  stubs.o ABSOLUTE
    _printf_truncate_unsigned                0x00000000   Number         0  stubs.o ABSOLUTE
    _printf_u                                0x00000000   Number         0  stubs.o ABSOLUTE
    _printf_wc                               0x00000000   Number         0  stubs.o ABSOLUTE
    _printf_wctomb                           0x00000000   Number         0  stubs.o ABSOLUTE
    _printf_widthprec                        0x00000000   Number         0  stubs.o ABSOLUTE
    _printf_x                                0x00000000   Number         0  stubs.o ABSOLUTE
    __arm_fini_                               - Undefined Weak Reference
    __cpp_initialize__aeabi_                  - Undefined Weak Reference
    __cxa_finalize                            - Undefined Weak Reference
    __decompress                              - Undefined Weak Reference
    _clock_init                               - Undefined Weak Reference
    _microlib_exit                            - Undefined Weak Reference
    _scanf_int                                - Undefined Weak Reference
    _scanf_longlong                           - Undefined Weak Reference
    _scanf_string                             - Undefined Weak Reference
    __Vectors_Size                           0x000000ec   Number         0  startup_stm32f103xb.o ABSOLUTE
    __Vectors                                0x08000000   Data           4  startup_stm32f103xb.o(RESET)
    __Vectors_End                            0x080000ec   Data           0  startup_stm32f103xb.o(RESET)
    __main                                   0x080000ed   Thumb Code     0  entry.o(.ARM.Collect$$$$00000000)
    _main_stk                                0x080000ed   Thumb Code     0  entry2.o(.ARM.Collect$$$$00000001)
    _main_scatterload                        0x080000f1   Thumb Code     0  entry5.o(.ARM.Collect$$$$00000004)
    __main_after_scatterload                 0x080000f5   Thumb Code     0  entry5.o(.ARM.Collect$$$$00000004)
    _main_clock                              0x080000f5   Thumb Code     0  entry7b.o(.ARM.Collect$$$$00000008)
    _main_cpp_init                           0x080000f5   Thumb Code     0  entry8b.o(.ARM.Collect$$$$0000000A)
    _main_init                               0x080000f5   Thumb Code     0  entry9a.o(.ARM.Collect$$$$0000000B)
    __rt_lib_shutdown_fini                   0x080000fd   Thumb Code     0  entry12b.o(.ARM.Collect$$$$0000000E)
    __rt_final_cpp                           0x08000101   Thumb Code     0  entry10a.o(.ARM.Collect$$$$0000000F)
    __rt_final_exit                          0x08000101   Thumb Code     0  entry11a.o(.ARM.Collect$$$$00000011)
    Reset_Handler                            0x08000105   Thumb Code     8  startup_stm32f103xb.o(.text)
    ADC1_2_IRQHandler                        0x0800011f   Thumb Code     0  startup_stm32f103xb.o(.text)
    CAN1_RX1_IRQHandler                      0x0800011f   Thumb Code     0  startup_stm32f103xb.o(.text)
    CAN1_SCE_IRQHandler                      0x0800011f   Thumb Code     0  startup_stm32f103xb.o(.text)
    DMA1_Channel1_IRQHandler                 0x0800011f   Thumb Code     0  startup_stm32f103xb.o(.text)
    DMA1_Channel2_IRQHandler                 0x0800011f   Thumb Code     0  startup_stm32f103xb.o(.text)
    DMA1_Channel3_IRQHandler                 0x0800011f   Thumb Code     0  startup_stm32f103xb.o(.text)
    DMA1_Channel4_IRQHandler                 0x0800011f   Thumb Code     0  startup_stm32f103xb.o(.text)
    DMA1_Channel5_IRQHandler                 0x0800011f   Thumb Code     0  startup_stm32f103xb.o(.text)
    DMA1_Channel6_IRQHandler                 0x0800011f   Thumb Code     0  startup_stm32f103xb.o(.text)
    DMA1_Channel7_IRQHandler                 0x0800011f   Thumb Code     0  startup_stm32f103xb.o(.text)
    EXTI0_IRQHandler                         0x0800011f   Thumb Code     0  startup_stm32f103xb.o(.text)
    EXTI15_10_IRQHandler                     0x0800011f   Thumb Code     0  startup_stm32f103xb.o(.text)
    EXTI1_IRQHandler                         0x0800011f   Thumb Code     0  startup_stm32f103xb.o(.text)
    EXTI2_IRQHandler                         0x0800011f   Thumb Code     0  startup_stm32f103xb.o(.text)
    EXTI3_IRQHandler                         0x0800011f   Thumb Code     0  startup_stm32f103xb.o(.text)
    EXTI4_IRQHandler                         0x0800011f   Thumb Code     0  startup_stm32f103xb.o(.text)
    EXTI9_5_IRQHandler                       0x0800011f   Thumb Code     0  startup_stm32f103xb.o(.text)
    FLASH_IRQHandler                         0x0800011f   Thumb Code     0  startup_stm32f103xb.o(.text)
    I2C1_ER_IRQHandler                       0x0800011f   Thumb Code     0  startup_stm32f103xb.o(.text)
    I2C1_EV_IRQHandler                       0x0800011f   Thumb Code     0  startup_stm32f103xb.o(.text)
    I2C2_ER_IRQHandler                       0x0800011f   Thumb Code     0  startup_stm32f103xb.o(.text)
    I2C2_EV_IRQHandler                       0x0800011f   Thumb Code     0  startup_stm32f103xb.o(.text)
    PVD_IRQHandler                           0x0800011f   Thumb Code     0  startup_stm32f103xb.o(.text)
    RCC_IRQHandler                           0x0800011f   Thumb Code     0  startup_stm32f103xb.o(.text)
    RTC_Alarm_IRQHandler                     0x0800011f   Thumb Code     0  startup_stm32f103xb.o(.text)
    RTC_IRQHandler                           0x0800011f   Thumb Code     0  startup_stm32f103xb.o(.text)
    SPI1_IRQHandler                          0x0800011f   Thumb Code     0  startup_stm32f103xb.o(.text)
    SPI2_IRQHandler                          0x0800011f   Thumb Code     0  startup_stm32f103xb.o(.text)
    TAMPER_IRQHandler                        0x0800011f   Thumb Code     0  startup_stm32f103xb.o(.text)
    TIM1_BRK_IRQHandler                      0x0800011f   Thumb Code     0  startup_stm32f103xb.o(.text)
    TIM1_CC_IRQHandler                       0x0800011f   Thumb Code     0  startup_stm32f103xb.o(.text)
    TIM1_TRG_COM_IRQHandler                  0x0800011f   Thumb Code     0  startup_stm32f103xb.o(.text)
    TIM3_IRQHandler                          0x0800011f   Thumb Code     0  startup_stm32f103xb.o(.text)
    TIM4_IRQHandler                          0x0800011f   Thumb Code     0  startup_stm32f103xb.o(.text)
    USART2_IRQHandler                        0x0800011f   Thumb Code     0  startup_stm32f103xb.o(.text)
    USART3_IRQHandler                        0x0800011f   Thumb Code     0  startup_stm32f103xb.o(.text)
    USBWakeUp_IRQHandler                     0x0800011f   Thumb Code     0  startup_stm32f103xb.o(.text)
    USB_HP_CAN1_TX_IRQHandler                0x0800011f   Thumb Code     0  startup_stm32f103xb.o(.text)
    USB_LP_CAN1_RX0_IRQHandler               0x0800011f   Thumb Code     0  startup_stm32f103xb.o(.text)
    WWDG_IRQHandler                          0x0800011f   Thumb Code     0  startup_stm32f103xb.o(.text)
    __aeabi_llsr                             0x08000129   Thumb Code    32  llushr.o(.text)
    _ll_ushift_r                             0x08000129   Thumb Code     0  llushr.o(.text)
    tolower                                  0x08000149   Thumb Code    12  tolower.o(.text)
    __aeabi_memcpy                           0x08000155   Thumb Code    36  memcpya.o(.text)
    __aeabi_memcpy4                          0x08000155   Thumb Code     0  memcpya.o(.text)
    __aeabi_memcpy8                          0x08000155   Thumb Code     0  memcpya.o(.text)
    __aeabi_memset                           0x08000179   Thumb Code    14  memseta.o(.text)
    __aeabi_memset4                          0x08000179   Thumb Code     0  memseta.o(.text)
    __aeabi_memset8                          0x08000179   Thumb Code     0  memseta.o(.text)
    __aeabi_memclr                           0x08000187   Thumb Code     4  memseta.o(.text)
    __aeabi_memclr4                          0x08000187   Thumb Code     0  memseta.o(.text)
    __aeabi_memclr8                          0x08000187   Thumb Code     0  memseta.o(.text)
    _memset$wrapper                          0x0800018b   Thumb Code    18  memseta.o(.text)
    strcat                                   0x0800019d   Thumb Code    24  strcat.o(.text)
    strstr                                   0x080001b5   Thumb Code    36  strstr.o(.text)
    strlen                                   0x080001d9   Thumb Code    14  strlen.o(.text)
    strcmp                                   0x080001e7   Thumb Code    28  strcmp.o(.text)
    strncmp                                  0x08000203   Thumb Code    30  strncmp.o(.text)
    _scanf_real                              0x08000349   Thumb Code     0  scanf_fp.o(.text)
    _scanf_really_real                       0x08000349   Thumb Code   556  scanf_fp.o(.text)
    __aeabi_dadd                             0x08000581   Thumb Code   322  dadd.o(.text)
    __aeabi_dsub                             0x080006c3   Thumb Code     6  dadd.o(.text)
    __aeabi_drsub                            0x080006c9   Thumb Code     6  dadd.o(.text)
    __aeabi_ui2f                             0x080006cf   Thumb Code    10  ffltui.o(.text)
    __aeabi_f2uiz                            0x080006d9   Thumb Code    40  ffixui.o(.text)
    __aeabi_d2iz                             0x08000701   Thumb Code    62  dfixi.o(.text)
    __aeabi_cdcmpeq                          0x08000741   Thumb Code     0  cdcmple.o(.text)
    __aeabi_cdcmple                          0x08000741   Thumb Code    48  cdcmple.o(.text)
    __aeabi_cdrcmple                         0x08000771   Thumb Code    48  cdrcmple.o(.text)
    __aeabi_uidiv                            0x080007a1   Thumb Code     0  uidiv.o(.text)
    __aeabi_uidivmod                         0x080007a1   Thumb Code    44  uidiv.o(.text)
    __aeabi_uldivmod                         0x080007cd   Thumb Code    98  uldiv.o(.text)
    __aeabi_llsl                             0x0800082f   Thumb Code    30  llshl.o(.text)
    _ll_shift_l                              0x0800082f   Thumb Code     0  llshl.o(.text)
    __aeabi_lasr                             0x0800084d   Thumb Code    36  llsshr.o(.text)
    _ll_sshift_r                             0x0800084d   Thumb Code     0  llsshr.o(.text)
    _sgetc                                   0x08000871   Thumb Code    30  _sgetc.o(.text)
    _sbackspace                              0x0800088f   Thumb Code    34  _sgetc.o(.text)
    __strtod_int                             0x080008e7   Thumb Code    90  strtod.o(.text)
    __I$use$fp                               0x0800094d   Thumb Code     0  iusefp.o(.text)
    _float_round                             0x0800094d   Thumb Code    18  fepilogue.o(.text)
    _float_epilogue                          0x0800095f   Thumb Code    92  fepilogue.o(.text)
    _double_round                            0x080009bb   Thumb Code    30  depilogue.o(.text)
    _double_epilogue                         0x080009d9   Thumb Code   156  depilogue.o(.text)
    __aeabi_dmul                             0x08000a75   Thumb Code   228  dmul.o(.text)
    __aeabi_ddiv                             0x08000b59   Thumb Code   222  ddiv.o(.text)
    __aeabi_ul2d                             0x08000c37   Thumb Code    24  dfltul.o(.text)
    __aeabi_d2ulz                            0x08000c4f   Thumb Code    48  dfixul.o(.text)
    __aeabi_d2f                              0x08000c7f   Thumb Code    56  d2f.o(.text)
    __scatterload                            0x08000cb9   Thumb Code    28  init.o(.text)
    __scatterload_rt2                        0x08000cb9   Thumb Code     0  init.o(.text)
    isspace                                  0x08000cdd   Thumb Code    10  isspace_c.o(.text)
    __ctype_lookup                           0x08000ce9   Thumb Code    34  ctype_c.o(.text)
    BusFault_Handler                         0x08000d11   Thumb Code     2  stm32f1xx_it.o(i.BusFault_Handler)
    DHT_Check_Response                       0x08000d15   Thumb Code    60  dht.o(i.DHT_Check_Response)
    DHT_GetData                              0x08000d55   Thumb Code    82  dht.o(i.DHT_GetData)
    DHT_Read                                 0x08000dad   Thumb Code    88  dht.o(i.DHT_Read)
    DHT_Start                                0x08000e09   Thumb Code    62  dht.o(i.DHT_Start)
    DWT_Delay_Init                           0x08000e4d   Thumb Code    58  dht.o(i.DWT_Delay_Init)
    DebugMon_Handler                         0x08000e91   Thumb Code     2  stm32f1xx_it.o(i.DebugMon_Handler)
    HAL_DMA_Abort_IT                         0x08000e95   Thumb Code   148  stm32f1xx_hal_dma.o(i.HAL_DMA_Abort_IT)
    HAL_GPIO_Init                            0x08000f2d   Thumb Code   408  stm32f1xx_hal_gpio.o(i.HAL_GPIO_Init)
    HAL_GPIO_ReadPin                         0x080010e9   Thumb Code    10  stm32f1xx_hal_gpio.o(i.HAL_GPIO_ReadPin)
    HAL_GPIO_TogglePin                       0x080010f3   Thumb Code     8  stm32f1xx_hal_gpio.o(i.HAL_GPIO_TogglePin)
    HAL_GPIO_WritePin                        0x080010fb   Thumb Code    10  stm32f1xx_hal_gpio.o(i.HAL_GPIO_WritePin)
    HAL_GetTick                              0x08001105   Thumb Code     6  stm32f1xx_hal.o(i.HAL_GetTick)
    HAL_IncTick                              0x08001111   Thumb Code    12  stm32f1xx_hal.o(i.HAL_IncTick)
    HAL_Init                                 0x08001121   Thumb Code    32  stm32f1xx_hal.o(i.HAL_Init)
    HAL_InitTick                             0x08001145   Thumb Code    54  stm32f1xx_hal.o(i.HAL_InitTick)
    HAL_MspInit                              0x08001185   Thumb Code    52  stm32f1xx_hal_msp.o(i.HAL_MspInit)
    HAL_NVIC_EnableIRQ                       0x080011c1   Thumb Code    22  stm32f1xx_hal_cortex.o(i.HAL_NVIC_EnableIRQ)
    HAL_NVIC_SetPriority                     0x080011d9   Thumb Code    60  stm32f1xx_hal_cortex.o(i.HAL_NVIC_SetPriority)
    HAL_NVIC_SetPriorityGrouping             0x08001219   Thumb Code    26  stm32f1xx_hal_cortex.o(i.HAL_NVIC_SetPriorityGrouping)
    HAL_RCC_ClockConfig                      0x0800123d   Thumb Code   346  stm32f1xx_hal_rcc.o(i.HAL_RCC_ClockConfig)
    HAL_RCC_GetHCLKFreq                      0x080013a9   Thumb Code     6  stm32f1xx_hal_rcc.o(i.HAL_RCC_GetHCLKFreq)
    HAL_RCC_GetPCLK1Freq                     0x080013b5   Thumb Code    20  stm32f1xx_hal_rcc.o(i.HAL_RCC_GetPCLK1Freq)
    HAL_RCC_GetPCLK2Freq                     0x080013d5   Thumb Code    20  stm32f1xx_hal_rcc.o(i.HAL_RCC_GetPCLK2Freq)
    HAL_RCC_GetSysClockFreq                  0x080013f5   Thumb Code    74  stm32f1xx_hal_rcc.o(i.HAL_RCC_GetSysClockFreq)
    HAL_RCC_OscConfig                        0x08001461   Thumb Code   750  stm32f1xx_hal_rcc.o(i.HAL_RCC_OscConfig)
    HAL_SPI_Init                             0x08001765   Thumb Code   130  stm32f1xx_hal_spi_ex.o(i.HAL_SPI_Init)
    HAL_SPI_MspInit                          0x080017e9   Thumb Code    98  stm32f1xx_hal_msp.o(i.HAL_SPI_MspInit)
    HAL_SPI_TransmitReceive                  0x08001859   Thumb Code   472  stm32f1xx_hal_spi.o(i.HAL_SPI_TransmitReceive)
    HAL_SYSTICK_Config                       0x08001a31   Thumb Code    40  stm32f1xx_hal_cortex.o(i.HAL_SYSTICK_Config)
    HAL_TIMEx_BreakCallback                  0x08001a59   Thumb Code     2  stm32f1xx_hal_tim_ex.o(i.HAL_TIMEx_BreakCallback)
    HAL_TIMEx_CommutationCallback            0x08001a5b   Thumb Code     2  stm32f1xx_hal_tim_ex.o(i.HAL_TIMEx_CommutationCallback)
    HAL_TIMEx_MasterConfigSynchronization    0x08001a5d   Thumb Code    80  stm32f1xx_hal_tim_ex.o(i.HAL_TIMEx_MasterConfigSynchronization)
    HAL_TIM_Base_Init                        0x08001aad   Thumb Code    54  stm32f1xx_hal_tim.o(i.HAL_TIM_Base_Init)
    HAL_TIM_Base_MspInit                     0x08001ae5   Thumb Code    86  stm32f1xx_hal_msp.o(i.HAL_TIM_Base_MspInit)
    HAL_TIM_Base_Start_IT                    0x08001b45   Thumb Code    24  stm32f1xx_hal_tim.o(i.HAL_TIM_Base_Start_IT)
    HAL_TIM_ConfigClockSource                0x08001b5d   Thumb Code   242  stm32f1xx_hal_tim.o(i.HAL_TIM_ConfigClockSource)
    HAL_TIM_IC_CaptureCallback               0x08001c4f   Thumb Code     2  stm32f1xx_hal_tim.o(i.HAL_TIM_IC_CaptureCallback)
    HAL_TIM_IRQHandler                       0x08001c51   Thumb Code   358  stm32f1xx_hal_tim.o(i.HAL_TIM_IRQHandler)
    HAL_TIM_OC_DelayElapsedCallback          0x08001db7   Thumb Code     2  stm32f1xx_hal_tim.o(i.HAL_TIM_OC_DelayElapsedCallback)
    HAL_TIM_PWM_PulseFinishedCallback        0x08001db9   Thumb Code     2  stm32f1xx_hal_tim.o(i.HAL_TIM_PWM_PulseFinishedCallback)
    HAL_TIM_PeriodElapsedCallback            0x08001dbd   Thumb Code    84  main.o(i.HAL_TIM_PeriodElapsedCallback)
    HAL_TIM_TriggerCallback                  0x08001e1d   Thumb Code     2  stm32f1xx_hal_tim.o(i.HAL_TIM_TriggerCallback)
    HAL_UART_ErrorCallback                   0x08001e1f   Thumb Code     2  stm32f1xx_hal_uart.o(i.HAL_UART_ErrorCallback)
    HAL_UART_IRQHandler                      0x08001e21   Thumb Code   266  stm32f1xx_hal_uart.o(i.HAL_UART_IRQHandler)
    HAL_UART_Init                            0x08001f31   Thumb Code    98  stm32f1xx_hal_uart.o(i.HAL_UART_Init)
    HAL_UART_MspInit                         0x08001f95   Thumb Code   116  stm32f1xx_hal_msp.o(i.HAL_UART_MspInit)
    HAL_UART_Receive_IT                      0x08002015   Thumb Code    82  stm32f1xx_hal_uart.o(i.HAL_UART_Receive_IT)
    HAL_UART_RxCpltCallback                  0x08002069   Thumb Code    40  main.o(i.HAL_UART_RxCpltCallback)
    HAL_UART_Transmit                        0x0800209d   Thumb Code   186  stm32f1xx_hal_uart.o(i.HAL_UART_Transmit)
    HAL_UART_TxCpltCallback                  0x08002157   Thumb Code     2  stm32f1xx_hal_uart.o(i.HAL_UART_TxCpltCallback)
    HardFault_Handler                        0x08002159   Thumb Code     2  stm32f1xx_it.o(i.HardFault_Handler)
    MFRC522_AntennaOn                        0x0800215b   Thumb Code    26  rc522.o(i.MFRC522_AntennaOn)
    MFRC522_Anticoll                         0x08002175   Thumb Code    66  rc522.o(i.MFRC522_Anticoll)
    MFRC522_CalculateCRC                     0x080021b7   Thumb Code    94  rc522.o(i.MFRC522_CalculateCRC)
    MFRC522_Check                            0x08002215   Thumb Code    32  rc522.o(i.MFRC522_Check)
    MFRC522_ClearBitMask                     0x08002235   Thumb Code    24  rc522.o(i.MFRC522_ClearBitMask)
    MFRC522_Compare                          0x0800224d   Thumb Code    28  rc522.o(i.MFRC522_Compare)
    MFRC522_Halt                             0x08002269   Thumb Code    44  rc522.o(i.MFRC522_Halt)
    MFRC522_Init                             0x08002295   Thumb Code    70  rc522.o(i.MFRC522_Init)
    MFRC522_ReadRegister                     0x080022db   Thumb Code    14  rc522.o(i.MFRC522_ReadRegister)
    MFRC522_Request                          0x080022e9   Thumb Code    46  rc522.o(i.MFRC522_Request)
    MFRC522_Reset                            0x08002317   Thumb Code     8  rc522.o(i.MFRC522_Reset)
    MFRC522_SetBitMask                       0x0800231f   Thumb Code    24  rc522.o(i.MFRC522_SetBitMask)
    MFRC522_ToCard                           0x08002337   Thumb Code   276  rc522.o(i.MFRC522_ToCard)
    MFRC522_WriteRegister                    0x0800244b   Thumb Code    10  rc522.o(i.MFRC522_WriteRegister)
    MemManage_Handler                        0x08002635   Thumb Code     2  stm32f1xx_it.o(i.MemManage_Handler)
    NMI_Handler                              0x08002637   Thumb Code     2  stm32f1xx_it.o(i.NMI_Handler)
    PendSV_Handler                           0x08002659   Thumb Code     2  stm32f1xx_it.o(i.PendSV_Handler)
    Read_dht11                               0x0800265d   Thumb Code    32  main.o(i.Read_dht11)
    Received                                 0x08002681   Thumb Code    44  main.o(i.Received)
    SPI1SendByte                             0x080026b5   Thumb Code    28  rc522.o(i.SPI1SendByte)
    SPI1_ReadReg                             0x080026d5   Thumb Code    44  rc522.o(i.SPI1_ReadReg)
    SPI1_WriteReg                            0x08002705   Thumb Code    44  rc522.o(i.SPI1_WriteReg)
    SVC_Handler                              0x080027eb   Thumb Code     2  stm32f1xx_it.o(i.SVC_Handler)
    Set_Pin_Input                            0x080027ed   Thumb Code    20  dht.o(i.Set_Pin_Input)
    Set_Pin_Output                           0x08002801   Thumb Code    24  dht.o(i.Set_Pin_Output)
    SysTick_Handler                          0x08002819   Thumb Code     4  stm32f1xx_it.o(i.SysTick_Handler)
    SystemClock_Config                       0x0800281d   Thumb Code    78  main.o(i.SystemClock_Config)
    SystemInit                               0x0800286d   Thumb Code    56  system_stm32f1xx.o(i.SystemInit)
    TIM1_UP_IRQHandler                       0x080028b5   Thumb Code     6  stm32f1xx_it.o(i.TIM1_UP_IRQHandler)
    TIM2_IRQHandler                          0x080028c1   Thumb Code     6  stm32f1xx_it.o(i.TIM2_IRQHandler)
    TIM_Base_SetConfig                       0x080028cd   Thumb Code    94  stm32f1xx_hal_tim.o(i.TIM_Base_SetConfig)
    USART1_IRQHandler                        0x08002c9d   Thumb Code     6  stm32f1xx_it.o(i.USART1_IRQHandler)
    UsageFault_Handler                       0x08002ca9   Thumb Code     2  stm32f1xx_it.o(i.UsageFault_Handler)
    XulyJson                                 0x08002cad   Thumb Code   336  main.o(i.XulyJson)
    __0printf                                0x08002e21   Thumb Code    22  printfa.o(i.__0printf)
    __1printf                                0x08002e21   Thumb Code     0  printfa.o(i.__0printf)
    __2printf                                0x08002e21   Thumb Code     0  printfa.o(i.__0printf)
    __c89printf                              0x08002e21   Thumb Code     0  printfa.o(i.__0printf)
    printf                                   0x08002e21   Thumb Code     0  printfa.o(i.__0printf)
    __0sprintf                               0x08002e41   Thumb Code    34  printfa.o(i.__0sprintf)
    __1sprintf                               0x08002e41   Thumb Code     0  printfa.o(i.__0sprintf)
    __2sprintf                               0x08002e41   Thumb Code     0  printfa.o(i.__0sprintf)
    __c89sprintf                             0x08002e41   Thumb Code     0  printfa.o(i.__0sprintf)
    sprintf                                  0x08002e41   Thumb Code     0  printfa.o(i.__0sprintf)
    free                                     0x08002e69   Thumb Code    88  mallocr.o(i.__free$realloc)
    malloc                                   0x08002ec5   Thumb Code    64  mallocr.o(i.__malloc$realloc)
    __scatterload_copy                       0x08002f15   Thumb Code    14  handlers.o(i.__scatterload_copy)
    __scatterload_null                       0x08002f23   Thumb Code     2  handlers.o(i.__scatterload_null)
    __scatterload_zeroinit                   0x08002f25   Thumb Code    14  handlers.o(i.__scatterload_zeroinit)
    _is_digit                                0x080030b9   Thumb Code    14  scanf_fp.o(i._is_digit)
    cJSON_Delete                             0x08003809   Thumb Code    66  cjson.o(i.cJSON_Delete)
    cJSON_GetObjectItem                      0x08003851   Thumb Code     6  cjson.o(i.cJSON_GetObjectItem)
    cJSON_Parse                              0x0800386d   Thumb Code     8  cjson.o(i.cJSON_Parse)
    cJSON_ParseWithLengthOpts                0x08003875   Thumb Code   210  cjson.o(i.cJSON_ParseWithLengthOpts)
    cJSON_ParseWithOpts                      0x08003951   Thumb Code    34  cjson.o(i.cJSON_ParseWithOpts)
    delay                                    0x08003975   Thumb Code    34  dht.o(i.delay)
    fputc                                    0x080039a1   Thumb Code    20  main.o(i.fputc)
    main                                     0x08003a85   Thumb Code   276  main.o(i.main)
    realloc                                  0x080040dd   Thumb Code   102  mallocr.o(i.realloc)
    send_data_uart                           0x08004149   Thumb Code   364  main.o(i.send_data_uart)
    strtod                                   0x08004305   Thumb Code    28  strtod.o(i.strtod)
    AHBPrescTable                            0x080043f2   Data          16  system_stm32f1xx.o(.constdata)
    APBPrescTable                            0x08004402   Data           8  system_stm32f1xx.o(.constdata)
    __ctype_categories                       0x0800440a   Data          64  ctype_c.o(.constdata)
    Region$$Table$$Base                      0x0800444c   Number         0  anon$$obj.o(Region$$Table)
    Region$$Table$$Limit                     0x0800446c   Number         0  anon$$obj.o(Region$$Table)
    ND                                       0x20000000   Data           1  main.o(.data)
    DA                                       0x20000001   Data           1  main.o(.data)
    TB1                                      0x20000002   Data           1  main.o(.data)
    TB2                                      0x20000003   Data           1  main.o(.data)
    TB3                                      0x20000004   Data           1  main.o(.data)
    TB4                                      0x20000005   Data           1  main.o(.data)
    CB1                                      0x20000006   Data           1  main.o(.data)
    CB2                                      0x20000007   Data           1  main.o(.data)
    start                                    0x20000008   Data           1  main.o(.data)
    rx_data                                  0x20000009   Data           1  main.o(.data)
    rx_index                                 0x2000000c   Data           4  main.o(.data)
    str_json                                 0x20000010   Data           4  main.o(.data)
    MyID                                     0x20000014   Data           5  main.o(.data)
    CardID                                   0x20000019   Data           5  main.o(.data)
    DHT11_Data                               0x20000020   Data           8  main.o(.data)
    uwTickFreq                               0x20000028   Data           1  stm32f1xx_hal.o(.data)
    uwTickPrio                               0x2000002c   Data           4  stm32f1xx_hal.o(.data)
    uwTick                                   0x20000030   Data           4  stm32f1xx_hal.o(.data)
    SystemCoreClock                          0x20000034   Data           4  system_stm32f1xx.o(.data)
    Presence                                 0x2000004c   Data           1  dht.o(.data)
    Rh_byte1                                 0x2000004d   Data           1  dht.o(.data)
    Rh_byte2                                 0x2000004e   Data           1  dht.o(.data)
    Temp_byte1                               0x2000004f   Data           1  dht.o(.data)
    Temp_byte2                               0x20000050   Data           1  dht.o(.data)
    SUM                                      0x20000052   Data           2  dht.o(.data)
    __stdout                                 0x20000054   Data           4  stdout.o(.data)
    __microlib_freelist                      0x20000058   Data           4  mvars.o(.data)
    __microlib_freelist_initialised          0x2000005c   Data           4  mvars.o(.data)
    hspi1                                    0x20000060   Data          88  main.o(.bss)
    htim1                                    0x200000b8   Data          64  main.o(.bss)
    htim2                                    0x200000f8   Data          64  main.o(.bss)
    huart1                                   0x20000138   Data          64  main.o(.bss)
    rx_buffer                                0x20000178   Data         100  main.o(.bss)
    __heap_base                              0x200001e0   Data           0  startup_stm32f103xb.o(HEAP)
    __heap_limit                             0x200003e0   Data           0  startup_stm32f103xb.o(HEAP)
    __initial_sp                             0x200007e0   Data           0  startup_stm32f103xb.o(STACK)



==============================================================================

Memory Map of the image

  Image Entry point : 0x080000ed

  Load Region LR_IROM1 (Base: 0x08000000, Size: 0x000044cc, Max: 0x00010000, ABSOLUTE)

    Execution Region ER_IROM1 (Exec base: 0x08000000, Load base: 0x08000000, Size: 0x0000446c, Max: 0x00010000, ABSOLUTE)

    Exec Addr    Load Addr    Size         Type   Attr      Idx    E Section Name        Object

    0x08000000   0x08000000   0x000000ec   Data   RO            3    RESET               startup_stm32f103xb.o
    0x080000ec   0x080000ec   0x00000000   Code   RO         3708  * .ARM.Collect$$$$00000000  mc_w.l(entry.o)
    0x080000ec   0x080000ec   0x00000004   Code   RO         4046    .ARM.Collect$$$$00000001  mc_w.l(entry2.o)
    0x080000f0   0x080000f0   0x00000004   Code   RO         4049    .ARM.Collect$$$$00000004  mc_w.l(entry5.o)
    0x080000f4   0x080000f4   0x00000000   Code   RO         4051    .ARM.Collect$$$$00000008  mc_w.l(entry7b.o)
    0x080000f4   0x080000f4   0x00000000   Code   RO         4053    .ARM.Collect$$$$0000000A  mc_w.l(entry8b.o)
    0x080000f4   0x080000f4   0x00000008   Code   RO         4054    .ARM.Collect$$$$0000000B  mc_w.l(entry9a.o)
    0x080000fc   0x080000fc   0x00000004   Code   RO         4061    .ARM.Collect$$$$0000000E  mc_w.l(entry12b.o)
    0x08000100   0x08000100   0x00000000   Code   RO         4056    .ARM.Collect$$$$0000000F  mc_w.l(entry10a.o)
    0x08000100   0x08000100   0x00000000   Code   RO         4058    .ARM.Collect$$$$00000011  mc_w.l(entry11a.o)
    0x08000100   0x08000100   0x00000004   Code   RO         4047    .ARM.Collect$$$$00002712  mc_w.l(entry2.o)
    0x08000104   0x08000104   0x00000024   Code   RO            4    .text               startup_stm32f103xb.o
    0x08000128   0x08000128   0x00000020   Code   RO         3711    .text               mc_w.l(llushr.o)
    0x08000148   0x08000148   0x0000000c   Code   RO         3713    .text               mc_w.l(tolower.o)
    0x08000154   0x08000154   0x00000024   Code   RO         3715    .text               mc_w.l(memcpya.o)
    0x08000178   0x08000178   0x00000024   Code   RO         3717    .text               mc_w.l(memseta.o)
    0x0800019c   0x0800019c   0x00000018   Code   RO         3719    .text               mc_w.l(strcat.o)
    0x080001b4   0x080001b4   0x00000024   Code   RO         3721    .text               mc_w.l(strstr.o)
    0x080001d8   0x080001d8   0x0000000e   Code   RO         3723    .text               mc_w.l(strlen.o)
    0x080001e6   0x080001e6   0x0000001c   Code   RO         3725    .text               mc_w.l(strcmp.o)
    0x08000202   0x08000202   0x0000001e   Code   RO         3729    .text               mc_w.l(strncmp.o)
    0x08000220   0x08000220   0x00000360   Code   RO         4024    .text               mc_w.l(scanf_fp.o)
    0x08000580   0x08000580   0x0000014e   Code   RO         4028    .text               mf_w.l(dadd.o)
    0x080006ce   0x080006ce   0x0000000a   Code   RO         4032    .text               mf_w.l(ffltui.o)
    0x080006d8   0x080006d8   0x00000028   Code   RO         4036    .text               mf_w.l(ffixui.o)
    0x08000700   0x08000700   0x0000003e   Code   RO         4038    .text               mf_w.l(dfixi.o)
    0x0800073e   0x0800073e   0x00000002   PAD
    0x08000740   0x08000740   0x00000030   Code   RO         4042    .text               mf_w.l(cdcmple.o)
    0x08000770   0x08000770   0x00000030   Code   RO         4044    .text               mf_w.l(cdrcmple.o)
    0x080007a0   0x080007a0   0x0000002c   Code   RO         4063    .text               mc_w.l(uidiv.o)
    0x080007cc   0x080007cc   0x00000062   Code   RO         4065    .text               mc_w.l(uldiv.o)
    0x0800082e   0x0800082e   0x0000001e   Code   RO         4067    .text               mc_w.l(llshl.o)
    0x0800084c   0x0800084c   0x00000024   Code   RO         4069    .text               mc_w.l(llsshr.o)
    0x08000870   0x08000870   0x00000040   Code   RO         4075    .text               mc_w.l(_sgetc.o)
    0x080008b0   0x080008b0   0x0000009c   Code   RO         4077    .text               mc_w.l(strtod.o)
    0x0800094c   0x0800094c   0x00000000   Code   RO         4079    .text               mc_w.l(iusefp.o)
    0x0800094c   0x0800094c   0x0000006e   Code   RO         4080    .text               mf_w.l(fepilogue.o)
    0x080009ba   0x080009ba   0x000000ba   Code   RO         4082    .text               mf_w.l(depilogue.o)
    0x08000a74   0x08000a74   0x000000e4   Code   RO         4084    .text               mf_w.l(dmul.o)
    0x08000b58   0x08000b58   0x000000de   Code   RO         4086    .text               mf_w.l(ddiv.o)
    0x08000c36   0x08000c36   0x00000018   Code   RO         4088    .text               mf_w.l(dfltul.o)
    0x08000c4e   0x08000c4e   0x00000030   Code   RO         4090    .text               mf_w.l(dfixul.o)
    0x08000c7e   0x08000c7e   0x00000038   Code   RO         4092    .text               mf_w.l(d2f.o)
    0x08000cb6   0x08000cb6   0x00000002   PAD
    0x08000cb8   0x08000cb8   0x00000024   Code   RO         4094    .text               mc_w.l(init.o)
    0x08000cdc   0x08000cdc   0x0000000a   Code   RO         4096    .text               mc_w.l(isspace_c.o)
    0x08000ce6   0x08000ce6   0x00000002   PAD
    0x08000ce8   0x08000ce8   0x00000028   Code   RO         4100    .text               mc_w.l(ctype_c.o)
    0x08000d10   0x08000d10   0x00000002   Code   RO          363    i.BusFault_Handler  stm32f1xx_it.o
    0x08000d12   0x08000d12   0x00000002   PAD
    0x08000d14   0x08000d14   0x00000040   Code   RO         3640    i.DHT_Check_Response  dht.o
    0x08000d54   0x08000d54   0x00000058   Code   RO         3641    i.DHT_GetData       dht.o
    0x08000dac   0x08000dac   0x0000005c   Code   RO         3642    i.DHT_Read          dht.o
    0x08000e08   0x08000e08   0x00000044   Code   RO         3643    i.DHT_Start         dht.o
    0x08000e4c   0x08000e4c   0x00000044   Code   RO         3644    i.DWT_Delay_Init    dht.o
    0x08000e90   0x08000e90   0x00000002   Code   RO          364    i.DebugMon_Handler  stm32f1xx_it.o
    0x08000e92   0x08000e92   0x00000002   PAD
    0x08000e94   0x08000e94   0x00000098   Code   RO         2458    i.HAL_DMA_Abort_IT  stm32f1xx_hal_dma.o
    0x08000f2c   0x08000f2c   0x000001bc   Code   RO         2393    i.HAL_GPIO_Init     stm32f1xx_hal_gpio.o
    0x080010e8   0x080010e8   0x0000000a   Code   RO         2395    i.HAL_GPIO_ReadPin  stm32f1xx_hal_gpio.o
    0x080010f2   0x080010f2   0x00000008   Code   RO         2396    i.HAL_GPIO_TogglePin  stm32f1xx_hal_gpio.o
    0x080010fa   0x080010fa   0x0000000a   Code   RO         2397    i.HAL_GPIO_WritePin  stm32f1xx_hal_gpio.o
    0x08001104   0x08001104   0x0000000c   Code   RO         2101    i.HAL_GetTick       stm32f1xx_hal.o
    0x08001110   0x08001110   0x00000010   Code   RO         2105    i.HAL_IncTick       stm32f1xx_hal.o
    0x08001120   0x08001120   0x00000024   Code   RO         2106    i.HAL_Init          stm32f1xx_hal.o
    0x08001144   0x08001144   0x00000040   Code   RO         2107    i.HAL_InitTick      stm32f1xx_hal.o
    0x08001184   0x08001184   0x0000003c   Code   RO          457    i.HAL_MspInit       stm32f1xx_hal_msp.o
    0x080011c0   0x080011c0   0x00000016   Code   RO         2553    i.HAL_NVIC_EnableIRQ  stm32f1xx_hal_cortex.o
    0x080011d6   0x080011d6   0x00000002   PAD
    0x080011d8   0x080011d8   0x00000040   Code   RO         2559    i.HAL_NVIC_SetPriority  stm32f1xx_hal_cortex.o
    0x08001218   0x08001218   0x00000024   Code   RO         2560    i.HAL_NVIC_SetPriorityGrouping  stm32f1xx_hal_cortex.o
    0x0800123c   0x0800123c   0x0000016c   Code   RO         2253    i.HAL_RCC_ClockConfig  stm32f1xx_hal_rcc.o
    0x080013a8   0x080013a8   0x0000000c   Code   RO         2258    i.HAL_RCC_GetHCLKFreq  stm32f1xx_hal_rcc.o
    0x080013b4   0x080013b4   0x00000020   Code   RO         2260    i.HAL_RCC_GetPCLK1Freq  stm32f1xx_hal_rcc.o
    0x080013d4   0x080013d4   0x00000020   Code   RO         2261    i.HAL_RCC_GetPCLK2Freq  stm32f1xx_hal_rcc.o
    0x080013f4   0x080013f4   0x0000006c   Code   RO         2262    i.HAL_RCC_GetSysClockFreq  stm32f1xx_hal_rcc.o
    0x08001460   0x08001460   0x00000304   Code   RO         2265    i.HAL_RCC_OscConfig  stm32f1xx_hal_rcc.o
    0x08001764   0x08001764   0x00000082   Code   RO          876    i.HAL_SPI_Init      stm32f1xx_hal_spi_ex.o
    0x080017e6   0x080017e6   0x00000002   PAD
    0x080017e8   0x080017e8   0x00000070   Code   RO          459    i.HAL_SPI_MspInit   stm32f1xx_hal_msp.o
    0x08001858   0x08001858   0x000001d8   Code   RO          573    i.HAL_SPI_TransmitReceive  stm32f1xx_hal_spi.o
    0x08001a30   0x08001a30   0x00000028   Code   RO         2564    i.HAL_SYSTICK_Config  stm32f1xx_hal_cortex.o
    0x08001a58   0x08001a58   0x00000002   Code   RO         1531    i.HAL_TIMEx_BreakCallback  stm32f1xx_hal_tim_ex.o
    0x08001a5a   0x08001a5a   0x00000002   Code   RO         1532    i.HAL_TIMEx_CommutationCallback  stm32f1xx_hal_tim_ex.o
    0x08001a5c   0x08001a5c   0x00000050   Code   RO         1548    i.HAL_TIMEx_MasterConfigSynchronization  stm32f1xx_hal_tim_ex.o
    0x08001aac   0x08001aac   0x00000036   Code   RO          902    i.HAL_TIM_Base_Init  stm32f1xx_hal_tim.o
    0x08001ae2   0x08001ae2   0x00000002   PAD
    0x08001ae4   0x08001ae4   0x00000060   Code   RO          461    i.HAL_TIM_Base_MspInit  stm32f1xx_hal_msp.o
    0x08001b44   0x08001b44   0x00000018   Code   RO          907    i.HAL_TIM_Base_Start_IT  stm32f1xx_hal_tim.o
    0x08001b5c   0x08001b5c   0x000000f2   Code   RO          911    i.HAL_TIM_ConfigClockSource  stm32f1xx_hal_tim.o
    0x08001c4e   0x08001c4e   0x00000002   Code   RO          931    i.HAL_TIM_IC_CaptureCallback  stm32f1xx_hal_tim.o
    0x08001c50   0x08001c50   0x00000166   Code   RO          944    i.HAL_TIM_IRQHandler  stm32f1xx_hal_tim.o
    0x08001db6   0x08001db6   0x00000002   Code   RO          947    i.HAL_TIM_OC_DelayElapsedCallback  stm32f1xx_hal_tim.o
    0x08001db8   0x08001db8   0x00000002   Code   RO          974    i.HAL_TIM_PWM_PulseFinishedCallback  stm32f1xx_hal_tim.o
    0x08001dba   0x08001dba   0x00000002   PAD
    0x08001dbc   0x08001dbc   0x00000060   Code   RO          241    i.HAL_TIM_PeriodElapsedCallback  main.o
    0x08001e1c   0x08001e1c   0x00000002   Code   RO          985    i.HAL_TIM_TriggerCallback  stm32f1xx_hal_tim.o
    0x08001e1e   0x08001e1e   0x00000002   Code   RO         1785    i.HAL_UART_ErrorCallback  stm32f1xx_hal_uart.o
    0x08001e20   0x08001e20   0x00000110   Code   RO         1788    i.HAL_UART_IRQHandler  stm32f1xx_hal_uart.o
    0x08001f30   0x08001f30   0x00000062   Code   RO         1789    i.HAL_UART_Init     stm32f1xx_hal_uart.o
    0x08001f92   0x08001f92   0x00000002   PAD
    0x08001f94   0x08001f94   0x00000080   Code   RO          463    i.HAL_UART_MspInit  stm32f1xx_hal_msp.o
    0x08002014   0x08002014   0x00000052   Code   RO         1794    i.HAL_UART_Receive_IT  stm32f1xx_hal_uart.o
    0x08002066   0x08002066   0x00000002   PAD
    0x08002068   0x08002068   0x00000034   Code   RO          242    i.HAL_UART_RxCpltCallback  main.o
    0x0800209c   0x0800209c   0x000000ba   Code   RO         1797    i.HAL_UART_Transmit  stm32f1xx_hal_uart.o
    0x08002156   0x08002156   0x00000002   Code   RO         1800    i.HAL_UART_TxCpltCallback  stm32f1xx_hal_uart.o
    0x08002158   0x08002158   0x00000002   Code   RO          365    i.HardFault_Handler  stm32f1xx_it.o
    0x0800215a   0x0800215a   0x0000001a   Code   RO           14    i.MFRC522_AntennaOn  rc522.o
    0x08002174   0x08002174   0x00000042   Code   RO           15    i.MFRC522_Anticoll  rc522.o
    0x080021b6   0x080021b6   0x0000005e   Code   RO           17    i.MFRC522_CalculateCRC  rc522.o
    0x08002214   0x08002214   0x00000020   Code   RO           18    i.MFRC522_Check     rc522.o
    0x08002234   0x08002234   0x00000018   Code   RO           19    i.MFRC522_ClearBitMask  rc522.o
    0x0800224c   0x0800224c   0x0000001c   Code   RO           20    i.MFRC522_Compare   rc522.o
    0x08002268   0x08002268   0x0000002c   Code   RO           21    i.MFRC522_Halt      rc522.o
    0x08002294   0x08002294   0x00000046   Code   RO           22    i.MFRC522_Init      rc522.o
    0x080022da   0x080022da   0x0000000e   Code   RO           24    i.MFRC522_ReadRegister  rc522.o
    0x080022e8   0x080022e8   0x0000002e   Code   RO           25    i.MFRC522_Request   rc522.o
    0x08002316   0x08002316   0x00000008   Code   RO           26    i.MFRC522_Reset     rc522.o
    0x0800231e   0x0800231e   0x00000018   Code   RO           28    i.MFRC522_SetBitMask  rc522.o
    0x08002336   0x08002336   0x00000114   Code   RO           29    i.MFRC522_ToCard    rc522.o
    0x0800244a   0x0800244a   0x0000000a   Code   RO           31    i.MFRC522_WriteRegister  rc522.o
    0x08002454   0x08002454   0x000000fc   Code   RO          243    i.MX_GPIO_Init      main.o
    0x08002550   0x08002550   0x00000038   Code   RO          244    i.MX_SPI1_Init      main.o
    0x08002588   0x08002588   0x00000058   Code   RO          245    i.MX_TIM1_Init      main.o
    0x080025e0   0x080025e0   0x00000054   Code   RO          246    i.MX_TIM2_Init      main.o
    0x08002634   0x08002634   0x00000002   Code   RO          366    i.MemManage_Handler  stm32f1xx_it.o
    0x08002636   0x08002636   0x00000002   Code   RO          367    i.NMI_Handler       stm32f1xx_it.o
    0x08002638   0x08002638   0x00000020   Code   RO         2566    i.NVIC_SetPriority  stm32f1xx_hal_cortex.o
    0x08002658   0x08002658   0x00000002   Code   RO          368    i.PendSV_Handler    stm32f1xx_it.o
    0x0800265a   0x0800265a   0x00000002   PAD
    0x0800265c   0x0800265c   0x00000024   Code   RO          247    i.Read_dht11        main.o
    0x08002680   0x08002680   0x00000034   Code   RO          248    i.Received          main.o
    0x080026b4   0x080026b4   0x00000020   Code   RO           32    i.SPI1SendByte      rc522.o
    0x080026d4   0x080026d4   0x00000030   Code   RO           33    i.SPI1_ReadReg      rc522.o
    0x08002704   0x08002704   0x00000030   Code   RO           34    i.SPI1_WriteReg     rc522.o
    0x08002734   0x08002734   0x00000020   Code   RO          588    i.SPI_CheckFlag_BSY  stm32f1xx_hal_spi.o
    0x08002754   0x08002754   0x00000096   Code   RO          607    i.SPI_WaitFlagStateUntilTimeout  stm32f1xx_hal_spi.o
    0x080027ea   0x080027ea   0x00000002   Code   RO          369    i.SVC_Handler       stm32f1xx_it.o
    0x080027ec   0x080027ec   0x00000014   Code   RO         3645    i.Set_Pin_Input     dht.o
    0x08002800   0x08002800   0x00000018   Code   RO         3646    i.Set_Pin_Output    dht.o
    0x08002818   0x08002818   0x00000004   Code   RO          370    i.SysTick_Handler   stm32f1xx_it.o
    0x0800281c   0x0800281c   0x0000004e   Code   RO          249    i.SystemClock_Config  main.o
    0x0800286a   0x0800286a   0x00000002   PAD
    0x0800286c   0x0800286c   0x00000048   Code   RO         2982    i.SystemInit        system_stm32f1xx.o
    0x080028b4   0x080028b4   0x0000000c   Code   RO          371    i.TIM1_UP_IRQHandler  stm32f1xx_it.o
    0x080028c0   0x080028c0   0x0000000c   Code   RO          372    i.TIM2_IRQHandler   stm32f1xx_it.o
    0x080028cc   0x080028cc   0x0000006c   Code   RO          986    i.TIM_Base_SetConfig  stm32f1xx_hal_tim.o
    0x08002938   0x08002938   0x00000014   Code   RO          993    i.TIM_ETR_SetConfig  stm32f1xx_hal_tim.o
    0x0800294c   0x0800294c   0x00000010   Code   RO          994    i.TIM_ITRx_SetConfig  stm32f1xx_hal_tim.o
    0x0800295c   0x0800295c   0x00000022   Code   RO         1000    i.TIM_TI1_ConfigInputStage  stm32f1xx_hal_tim.o
    0x0800297e   0x0800297e   0x00000024   Code   RO         1002    i.TIM_TI2_ConfigInputStage  stm32f1xx_hal_tim.o
    0x080029a2   0x080029a2   0x00000010   Code   RO         1802    i.UART_DMAAbortOnError  stm32f1xx_hal_uart.o
    0x080029b2   0x080029b2   0x0000001c   Code   RO         1812    i.UART_EndRxTransfer  stm32f1xx_hal_uart.o
    0x080029ce   0x080029ce   0x00000096   Code   RO         1814    i.UART_Receive_IT   stm32f1xx_hal_uart.o
    0x08002a64   0x08002a64   0x00000170   Code   RO         1815    i.UART_SetConfig    stm32f1xx_hal_uart.o
    0x08002bd4   0x08002bd4   0x00000062   Code   RO         1816    i.UART_Transmit_IT  stm32f1xx_hal_uart.o
    0x08002c36   0x08002c36   0x00000064   Code   RO         1817    i.UART_WaitOnFlagUntilTimeout  stm32f1xx_hal_uart.o
    0x08002c9a   0x08002c9a   0x00000002   PAD
    0x08002c9c   0x08002c9c   0x0000000c   Code   RO          373    i.USART1_IRQHandler  stm32f1xx_it.o
    0x08002ca8   0x08002ca8   0x00000002   Code   RO          374    i.UsageFault_Handler  stm32f1xx_it.o
    0x08002caa   0x08002caa   0x00000002   PAD
    0x08002cac   0x08002cac   0x00000174   Code   RO          250    i.XulyJson          main.o
    0x08002e20   0x08002e20   0x00000020   Code   RO         3966    i.__0printf         mc_w.l(printfa.o)
    0x08002e40   0x08002e40   0x00000028   Code   RO         3968    i.__0sprintf        mc_w.l(printfa.o)
    0x08002e68   0x08002e68   0x0000005c   Code   RO         3998    i.__free$realloc    mc_w.l(mallocr.o)
    0x08002ec4   0x08002ec4   0x00000050   Code   RO         3999    i.__malloc$realloc  mc_w.l(mallocr.o)
    0x08002f14   0x08002f14   0x0000000e   Code   RO         4105    i.__scatterload_copy  mc_w.l(handlers.o)
    0x08002f22   0x08002f22   0x00000002   Code   RO         4106    i.__scatterload_null  mc_w.l(handlers.o)
    0x08002f24   0x08002f24   0x0000000e   Code   RO         4107    i.__scatterload_zeroinit  mc_w.l(handlers.o)
    0x08002f32   0x08002f32   0x00000002   PAD
    0x08002f34   0x08002f34   0x00000184   Code   RO         3973    i._fp_digits        mc_w.l(printfa.o)
    0x080030b8   0x080030b8   0x0000000e   Code   RO         4026    i._is_digit         mc_w.l(scanf_fp.o)
    0x080030c6   0x080030c6   0x00000002   PAD
    0x080030c8   0x080030c8   0x000006b4   Code   RO         3974    i._printf_core      mc_w.l(printfa.o)
    0x0800377c   0x0800377c   0x00000024   Code   RO         3975    i._printf_post_padding  mc_w.l(printfa.o)
    0x080037a0   0x080037a0   0x0000002e   Code   RO         3976    i._printf_pre_padding  mc_w.l(printfa.o)
    0x080037ce   0x080037ce   0x0000000a   Code   RO         3978    i._sputc            mc_w.l(printfa.o)
    0x080037d8   0x080037d8   0x00000030   Code   RO         3018    i.buffer_skip_whitespace  cjson.o
    0x08003808   0x08003808   0x00000048   Code   RO         3050    i.cJSON_Delete      cjson.o
    0x08003850   0x08003850   0x00000006   Code   RO         3063    i.cJSON_GetObjectItem  cjson.o
    0x08003856   0x08003856   0x00000016   Code   RO         3080    i.cJSON_New_Item    cjson.o
    0x0800386c   0x0800386c   0x00000008   Code   RO         3081    i.cJSON_Parse       cjson.o
    0x08003874   0x08003874   0x000000dc   Code   RO         3083    i.cJSON_ParseWithLengthOpts  cjson.o
    0x08003950   0x08003950   0x00000022   Code   RO         3084    i.cJSON_ParseWithOpts  cjson.o
    0x08003972   0x08003972   0x00000002   PAD
    0x08003974   0x08003974   0x0000002c   Code   RO         3647    i.delay             dht.o
    0x080039a0   0x080039a0   0x00000018   Code   RO          251    i.fputc             main.o
    0x080039b8   0x080039b8   0x0000007a   Code   RO         3103    i.get_object_item   cjson.o
    0x08003a32   0x08003a32   0x00000002   PAD
    0x08003a34   0x08003a34   0x00000050   Code   RO         4000    i.internal_alloc    mc_w.l(mallocr.o)
    0x08003a84   0x08003a84   0x00000144   Code   RO          252    i.main              main.o
    0x08003bc8   0x08003bc8   0x000000d0   Code   RO         3105    i.parse_array       cjson.o
    0x08003c98   0x08003c98   0x00000040   Code   RO         3106    i.parse_hex4        cjson.o
    0x08003cd8   0x08003cd8   0x000000f0   Code   RO         3107    i.parse_number      cjson.o
    0x08003dc8   0x08003dc8   0x0000010a   Code   RO         3108    i.parse_object      cjson.o
    0x08003ed2   0x08003ed2   0x0000010c   Code   RO         3109    i.parse_string      cjson.o
    0x08003fde   0x08003fde   0x00000002   PAD
    0x08003fe0   0x08003fe0   0x000000fc   Code   RO         3110    i.parse_value       cjson.o
    0x080040dc   0x080040dc   0x0000006c   Code   RO         4001    i.realloc           mc_w.l(mallocr.o)
    0x08004148   0x08004148   0x000001bc   Code   RO          253    i.send_data_uart    main.o
    0x08004304   0x08004304   0x0000001c   Code   RO         3705    i.strtod            m_ws.l(strtod.o)
    0x08004320   0x08004320   0x000000d2   Code   RO         3119    i.utf16_literal_to_utf8  cjson.o
    0x080043f2   0x080043f2   0x00000010   Data   RO         2983    .constdata          system_stm32f1xx.o
    0x08004402   0x08004402   0x00000008   Data   RO         2984    .constdata          system_stm32f1xx.o
    0x0800440a   0x0800440a   0x00000040   Data   RO         4101    .constdata          mc_w.l(ctype_c.o)
    0x0800444a   0x0800444a   0x00000002   PAD
    0x0800444c   0x0800444c   0x00000020   Data   RO         4103    Region$$Table       anon$$obj.o


    Execution Region RW_IRAM1 (Exec base: 0x20000000, Load base: 0x0800446c, Size: 0x000007e0, Max: 0x00005000, ABSOLUTE)

    Exec Addr    Load Addr    Size         Type   Attr      Idx    E Section Name        Object

    0x20000000   0x0800446c   0x00000028   Data   RW          255    .data               main.o
    0x20000028   0x08004494   0x0000000c   Data   RW         2113    .data               stm32f1xx_hal.o
    0x20000034   0x080044a0   0x00000004   Data   RW         2985    .data               system_stm32f1xx.o
    0x20000038   0x080044a4   0x00000014   Data   RW         3121    .data               cjson.o
    0x2000004c   0x080044b8   0x00000008   Data   RW         3648    .data               dht.o
    0x20000054   0x080044c0   0x00000004   Data   RW         4062    .data               mc_w.l(stdout.o)
    0x20000058   0x080044c4   0x00000004   Data   RW         4071    .data               mc_w.l(mvars.o)
    0x2000005c   0x080044c8   0x00000004   Data   RW         4072    .data               mc_w.l(mvars.o)
    0x20000060        -       0x0000017c   Zero   RW          254    .bss                main.o
    0x200001dc   0x080044cc   0x00000004   PAD
    0x200001e0        -       0x00000200   Zero   RW            2    HEAP                startup_stm32f103xb.o
    0x200003e0        -       0x00000400   Zero   RW            1    STACK               startup_stm32f103xb.o


==============================================================================

Image component sizes


      Code (inc. data)   RO Data    RW Data    ZI Data      Debug   Object Name

      2040         64          0         20          0      18092   cjson.o
       468         40          0          8          0       4747   dht.o
      1958        246          0         40        380      10528   main.o
       890         12          0          0          0     446518   rc522.o
        36          8        236          0       1536        772   startup_stm32f103xb.o
       128         24          0         12          0       5089   stm32f1xx_hal.o
       194         14          0          0          0      25579   stm32f1xx_hal_cortex.o
       152          4          0          0          0       1043   stm32f1xx_hal_dma.o
       472         36          0          0          0       3940   stm32f1xx_hal_gpio.o
       396         44          0          0          0       2738   stm32f1xx_hal_msp.o
      1320        104          0          0          0       5472   stm32f1xx_hal_rcc.o
       654          0          0          0          0       3502   stm32f1xx_hal_spi.o
       130          0          0          0          0       1007   stm32f1xx_hal_spi_ex.o
       900         14          0          0          0       9031   stm32f1xx_hal_tim.o
        84          0          0          0          0       2214   stm32f1xx_hal_tim_ex.o
      1402         10          0          0          0       8911   stm32f1xx_hal_uart.o
        56         18          0          0          0       4717   stm32f1xx_it.o
        72         16         24          4          0       1067   system_stm32f1xx.o

    ----------------------------------------------------------------------
     11382        654        292         84       1920     554967   Object Totals
         0          0         32          0          0          0   (incl. Generated)
        30          0          0          0          4          0   (incl. Padding)

    ----------------------------------------------------------------------

      Code (inc. data)   RO Data    RW Data    ZI Data      Debug   Library Member Name

        28          0          0          0          0         80   strtod.o
        64          0          0          0          0         84   _sgetc.o
        40          6         64          0          0         68   ctype_c.o
         0          0          0          0          0          0   entry.o
         0          0          0          0          0          0   entry10a.o
         0          0          0          0          0          0   entry11a.o
         4          0          0          0          0          0   entry12b.o
         8          4          0          0          0          0   entry2.o
         4          0          0          0          0          0   entry5.o
         0          0          0          0          0          0   entry7b.o
         0          0          0          0          0          0   entry8b.o
         8          4          0          0          0          0   entry9a.o
        30          0          0          0          0          0   handlers.o
        36          8          0          0          0         68   init.o
        10          0          0          0          0         68   isspace_c.o
         0          0          0          0          0          0   iusefp.o
        30          0          0          0          0         68   llshl.o
        36          0          0          0          0         68   llsshr.o
        32          0          0          0          0         68   llushr.o
       360         30          0          0          0        356   mallocr.o
        36          0          0          0          0         68   memcpya.o
        36          0          0          0          0        108   memseta.o
         0          0          0          8          0          0   mvars.o
      2268         96          0          0          0        616   printfa.o
       878         12          0          0          0        216   scanf_fp.o
         0          0          0          4          0          0   stdout.o
        24          0          0          0          0         68   strcat.o
        28          0          0          0          0         76   strcmp.o
        14          0          0          0          0         68   strlen.o
        30          0          0          0          0         80   strncmp.o
        36          0          0          0          0         80   strstr.o
       156         12          0          0          0        120   strtod.o
        12          0          0          0          0         68   tolower.o
        44          0          0          0          0         80   uidiv.o
        98          0          0          0          0         92   uldiv.o
        48          0          0          0          0         68   cdcmple.o
        48          0          0          0          0         68   cdrcmple.o
        56          0          0          0          0         88   d2f.o
       334          0          0          0          0        148   dadd.o
       222          0          0          0          0        100   ddiv.o
       186          0          0          0          0        176   depilogue.o
        62          0          0          0          0         80   dfixi.o
        48          0          0          0          0         68   dfixul.o
        24          0          0          0          0         76   dfltul.o
       228          0          0          0          0         96   dmul.o
       110          0          0          0          0        168   fepilogue.o
        40          0          0          0          0         68   ffixui.o
        10          0          0          0          0         68   ffltui.o

    ----------------------------------------------------------------------
      5776        172         66         12          0       3940   Library Totals
        10          0          2          0          0          0   (incl. Padding)

    ----------------------------------------------------------------------

      Code (inc. data)   RO Data    RW Data    ZI Data      Debug   Library Name

        28          0          0          0          0         80   m_ws.l
      4322        172         64         12          0       2588   mc_w.l
      1416          0          0          0          0       1272   mf_w.l

    ----------------------------------------------------------------------
      5776        172         66         12          0       3940   Library Totals

    ----------------------------------------------------------------------

==============================================================================


      Code (inc. data)   RO Data    RW Data    ZI Data      Debug   

     17158        826        358         96       1920     550687   Grand Totals
     17158        826        358         96       1920     550687   ELF Image Totals
     17158        826        358         96          0          0   ROM Totals

==============================================================================

    Total RO  Size (Code + RO Data)                17516 (  17.11kB)
    Total RW  Size (RW Data + ZI Data)              2016 (   1.97kB)
    Total ROM Size (Code + RO Data + RW Data)      17612 (  17.20kB)

==============================================================================

